../Core/Src/main.c:75:5:main	16	static
../Core/Src/main.c:146:6:SystemClock_Config	96	static
../Core/Src/main.c:191:13:MX_SPI1_Init	8	static
../Core/Src/main.c:231:13:MX_GPIO_Init	32	static
../Core/Src/main.c:257:9:spiReadByte	24	static
../Core/Src/main.c:269:6:spiWriteByte	24	static
../Core/Src/main.c:281:6:spiWriteNByte	16	static
../Core/Src/main.c:294:6:setupTXsimple	16	static
../Core/Src/main.c:321:6:setupRXsimple	16	static
../Core/Src/main.c:352:6:checkTXsimple	24	static
../Core/Src/main.c:378:6:transmitByte	24	static
../Core/Src/main.c:390:9:receiveByte	24	static
../Core/Src/main.c:403:6:flushTXFIFO	16	static
../Core/Src/main.c:419:6:Error_Handler	4	static,ignoring_inline_asm
