../Core/Src/main.c:76:5:main	16	static
../Core/Src/main.c:154:6:SystemClock_Config	96	static
../Core/Src/main.c:199:13:MX_SPI1_Init	8	static
../Core/Src/main.c:239:13:MX_GPIO_Init	32	static
../Core/Src/main.c:265:9:spiReadByte	24	static
../Core/Src/main.c:277:6:spiWriteByte	24	static
../Core/Src/main.c:289:6:spiWriteNByte	16	static
../Core/Src/main.c:302:6:setupTXsimple	16	static
../Core/Src/main.c:329:6:setupRXsimple	16	static
../Core/Src/main.c:360:6:checkTXsimple	24	static
../Core/Src/main.c:386:6:transmitByte	24	static
../Core/Src/main.c:398:9:receiveByte	24	static
../Core/Src/main.c:411:6:flushTXFIFO	16	static
../Core/Src/main.c:422:6:flushRXFIFO	16	static
../Core/Src/main.c:436:6:Error_Handler	4	static,ignoring_inline_asm
