../Core/Src/main.c:82:5:main	112	static
../Core/Src/main.c:165:6:SystemClock_Config	96	static
../Core/Src/main.c:210:13:MX_SPI1_Init	8	static
../Core/Src/main.c:250:13:MX_USART2_UART_Init	8	static
../Core/Src/main.c:285:13:MX_GPIO_Init	32	static
../Core/Src/main.c:311:9:spiReadByte	24	static
../Core/Src/main.c:323:6:spiWriteByte	24	static
../Core/Src/main.c:335:6:spiWriteNByte	16	static
../Core/Src/main.c:348:6:setupTXsimple	16	static
../Core/Src/main.c:375:6:setupRXsimple	16	static
../Core/Src/main.c:406:6:checkTXsimple	24	static
../Core/Src/main.c:432:6:transmitByte	24	static
../Core/Src/main.c:444:6:transmitBytes	24	static
../Core/Src/main.c:453:9:receiveByte	24	static
../Core/Src/main.c:466:6:receiveBytes	32	static
../Core/Src/main.c:483:6:flushTXFIFO	16	static
../Core/Src/main.c:494:6:flushRXFIFO	16	static
../Core/Src/main.c:508:6:Error_Handler	4	static,ignoring_inline_asm
