../Core/Src/main.c:82:5:main	128	static
../Core/Src/main.c:162:6:SystemClock_Config	96	static
../Core/Src/main.c:207:13:MX_SPI1_Init	8	static
../Core/Src/main.c:247:13:MX_USART2_UART_Init	8	static
../Core/Src/main.c:282:13:MX_GPIO_Init	32	static
../Core/Src/main.c:308:9:spiReadByte	24	static
../Core/Src/main.c:320:6:spiWriteByte	24	static
../Core/Src/main.c:332:6:spiWriteNByte	16	static
../Core/Src/main.c:345:6:setupTXsimple	16	static
../Core/Src/main.c:372:6:setupRXsimple	16	static
../Core/Src/main.c:403:6:checkTXsimple	24	static
../Core/Src/main.c:429:6:transmitByte	24	static
../Core/Src/main.c:441:6:transmitBytes	24	static
../Core/Src/main.c:450:9:receiveByte	24	static
../Core/Src/main.c:463:6:receiveBytes	32	static
../Core/Src/main.c:480:6:flushTXFIFO	16	static
../Core/Src/main.c:491:6:flushRXFIFO	16	static
../Core/Src/main.c:505:6:Error_Handler	4	static,ignoring_inline_asm
