20:42:22 **** Build of configuration Debug for project Prototype3_RadioTest ****
make -j16 all 
arm-none-eabi-gcc "../Drivers/STM32L4xx_HAL_Driver/Src/stm32l4xx_hal.c" -mcpu=cortex-m4 -std=gnu11 -g3 -DDEBUG -DUSE_HAL_DRIVER -DSTM32L432xx -c -I../Core/Inc -I../Drivers/STM32L4xx_HAL_Driver/Inc -I../Drivers/STM32L4xx_HAL_Driver/Inc/Legacy -I../Drivers/CMSIS/Device/ST/STM32L4xx/Include -I../Drivers/CMSIS/Include -O0 -ffunction-sections -fdata-sections -Wall -fstack-usage -fcyclomatic-complexity -MMD -MP -MF"Drivers/STM32L4xx_HAL_Driver/Src/stm32l4xx_hal.d" -MT"Drivers/STM32L4xx_HAL_Driver/Src/stm32l4xx_hal.o" --specs=nano.specs -mfpu=fpv4-sp-d16 -mfloat-abi=hard -mthumb -o "Drivers/STM32L4xx_HAL_Driver/Src/stm32l4xx_hal.o"
arm-none-eabi-gcc "../Drivers/STM32L4xx_HAL_Driver/Src/stm32l4xx_hal_cortex.c" -mcpu=cortex-m4 -std=gnu11 -g3 -DDEBUG -DUSE_HAL_DRIVER -DSTM32L432xx -c -I../Core/Inc -I../Drivers/STM32L4xx_HAL_Driver/Inc -I../Drivers/STM32L4xx_HAL_Driver/Inc/Legacy -I../Drivers/CMSIS/Device/ST/STM32L4xx/Include -I../Drivers/CMSIS/Include -O0 -ffunction-sections -fdata-sections -Wall -fstack-usage -fcyclomatic-complexity -MMD -MP -MF"Drivers/STM32L4xx_HAL_Driver/Src/stm32l4xx_hal_cortex.d" -MT"Drivers/STM32L4xx_HAL_Driver/Src/stm32l4xx_hal_cortex.o" --specs=nano.specs -mfpu=fpv4-sp-d16 -mfloat-abi=hard -mthumb -o "Drivers/STM32L4xx_HAL_Driver/Src/stm32l4xx_hal_cortex.o"
arm-none-eabi-gcc "../Drivers/STM32L4xx_HAL_Driver/Src/stm32l4xx_hal_dma.c" -mcpu=cortex-m4 -std=gnu11 -g3 -DDEBUG -DUSE_HAL_DRIVER -DSTM32L432xx -c -I../Core/Inc -I../Drivers/STM32L4xx_HAL_Driver/Inc -I../Drivers/STM32L4xx_HAL_Driver/Inc/Legacy -I../Drivers/CMSIS/Device/ST/STM32L4xx/Include -I../Drivers/CMSIS/Include -O0 -ffunction-sections -fdata-sections -Wall -fstack-usage -fcyclomatic-complexity -MMD -MP -MF"Drivers/STM32L4xx_HAL_Driver/Src/stm32l4xx_hal_dma.d" -MT"Drivers/STM32L4xx_HAL_Driver/Src/stm32l4xx_hal_dma.o" --specs=nano.specs -mfpu=fpv4-sp-d16 -mfloat-abi=hard -mthumb -o "Drivers/STM32L4xx_HAL_Driver/Src/stm32l4xx_hal_dma.o"
arm-none-eabi-gcc "../Drivers/STM32L4xx_HAL_Driver/Src/stm32l4xx_hal_dma_ex.c" -mcpu=cortex-m4 -std=gnu11 -g3 -DDEBUG -DUSE_HAL_DRIVER -DSTM32L432xx -c -I../Core/Inc -I../Drivers/STM32L4xx_HAL_Driver/Inc -I../Drivers/STM32L4xx_HAL_Driver/Inc/Legacy -I../Drivers/CMSIS/Device/ST/STM32L4xx/Include -I../Drivers/CMSIS/Include -O0 -ffunction-sections -fdata-sections -Wall -fstack-usage -fcyclomatic-complexity -MMD -MP -MF"Drivers/STM32L4xx_HAL_Driver/Src/stm32l4xx_hal_dma_ex.d" -MT"Drivers/STM32L4xx_HAL_Driver/Src/stm32l4xx_hal_dma_ex.o" --specs=nano.specs -mfpu=fpv4-sp-d16 -mfloat-abi=hard -mthumb -o "Drivers/STM32L4xx_HAL_Driver/Src/stm32l4xx_hal_dma_ex.o"
arm-none-eabi-gcc "../Drivers/STM32L4xx_HAL_Driver/Src/stm32l4xx_hal_exti.c" -mcpu=cortex-m4 -std=gnu11 -g3 -DDEBUG -DUSE_HAL_DRIVER -DSTM32L432xx -c -I../Core/Inc -I../Drivers/STM32L4xx_HAL_Driver/Inc -I../Drivers/STM32L4xx_HAL_Driver/Inc/Legacy -I../Drivers/CMSIS/Device/ST/STM32L4xx/Include -I../Drivers/CMSIS/Include -O0 -ffunction-sections -fdata-sections -Wall -fstack-usage -fcyclomatic-complexity -MMD -MP -MF"Drivers/STM32L4xx_HAL_Driver/Src/stm32l4xx_hal_exti.d" -MT"Drivers/STM32L4xx_HAL_Driver/Src/stm32l4xx_hal_exti.o" --specs=nano.specs -mfpu=fpv4-sp-d16 -mfloat-abi=hard -mthumb -o "Drivers/STM32L4xx_HAL_Driver/Src/stm32l4xx_hal_exti.o"
arm-none-eabi-gcc "../Drivers/STM32L4xx_HAL_Driver/Src/stm32l4xx_hal_flash.c" -mcpu=cortex-m4 -std=gnu11 -g3 -DDEBUG -DUSE_HAL_DRIVER -DSTM32L432xx -c -I../Core/Inc -I../Drivers/STM32L4xx_HAL_Driver/Inc -I../Drivers/STM32L4xx_HAL_Driver/Inc/Legacy -I../Drivers/CMSIS/Device/ST/STM32L4xx/Include -I../Drivers/CMSIS/Include -O0 -ffunction-sections -fdata-sections -Wall -fstack-usage -fcyclomatic-complexity -MMD -MP -MF"Drivers/STM32L4xx_HAL_Driver/Src/stm32l4xx_hal_flash.d" -MT"Drivers/STM32L4xx_HAL_Driver/Src/stm32l4xx_hal_flash.o" --specs=nano.specs -mfpu=fpv4-sp-d16 -mfloat-abi=hard -mthumb -o "Drivers/STM32L4xx_HAL_Driver/Src/stm32l4xx_hal_flash.o"
arm-none-eabi-gcc "../Drivers/STM32L4xx_HAL_Driver/Src/stm32l4xx_hal_flash_ex.c" -mcpu=cortex-m4 -std=gnu11 -g3 -DDEBUG -DUSE_HAL_DRIVER -DSTM32L432xx -c -I../Core/Inc -I../Drivers/STM32L4xx_HAL_Driver/Inc -I../Drivers/STM32L4xx_HAL_Driver/Inc/Legacy -I../Drivers/CMSIS/Device/ST/STM32L4xx/Include -I../Drivers/CMSIS/Include -O0 -ffunction-sections -fdata-sections -Wall -fstack-usage -fcyclomatic-complexity -MMD -MP -MF"Drivers/STM32L4xx_HAL_Driver/Src/stm32l4xx_hal_flash_ex.d" -MT"Drivers/STM32L4xx_HAL_Driver/Src/stm32l4xx_hal_flash_ex.o" --specs=nano.specs -mfpu=fpv4-sp-d16 -mfloat-abi=hard -mthumb -o "Drivers/STM32L4xx_HAL_Driver/Src/stm32l4xx_hal_flash_ex.o"
arm-none-eabi-gcc "../Drivers/STM32L4xx_HAL_Driver/Src/stm32l4xx_hal_flash_ramfunc.c" -mcpu=cortex-m4 -std=gnu11 -g3 -DDEBUG -DUSE_HAL_DRIVER -DSTM32L432xx -c -I../Core/Inc -I../Drivers/STM32L4xx_HAL_Driver/Inc -I../Drivers/STM32L4xx_HAL_Driver/Inc/Legacy -I../Drivers/CMSIS/Device/ST/STM32L4xx/Include -I../Drivers/CMSIS/Include -O0 -ffunction-sections -fdata-sections -Wall -fstack-usage -fcyclomatic-complexity -MMD -MP -MF"Drivers/STM32L4xx_HAL_Driver/Src/stm32l4xx_hal_flash_ramfunc.d" -MT"Drivers/STM32L4xx_HAL_Driver/Src/stm32l4xx_hal_flash_ramfunc.o" --specs=nano.specs -mfpu=fpv4-sp-d16 -mfloat-abi=hard -mthumb -o "Drivers/STM32L4xx_HAL_Driver/Src/stm32l4xx_hal_flash_ramfunc.o"
arm-none-eabi-gcc "../Drivers/STM32L4xx_HAL_Driver/Src/stm32l4xx_hal_gpio.c" -mcpu=cortex-m4 -std=gnu11 -g3 -DDEBUG -DUSE_HAL_DRIVER -DSTM32L432xx -c -I../Core/Inc -I../Drivers/STM32L4xx_HAL_Driver/Inc -I../Drivers/STM32L4xx_HAL_Driver/Inc/Legacy -I../Drivers/CMSIS/Device/ST/STM32L4xx/Include -I../Drivers/CMSIS/Include -O0 -ffunction-sections -fdata-sections -Wall -fstack-usage -fcyclomatic-complexity -MMD -MP -MF"Drivers/STM32L4xx_HAL_Driver/Src/stm32l4xx_hal_gpio.d" -MT"Drivers/STM32L4xx_HAL_Driver/Src/stm32l4xx_hal_gpio.o" --specs=nano.specs -mfpu=fpv4-sp-d16 -mfloat-abi=hard -mthumb -o "Drivers/STM32L4xx_HAL_Driver/Src/stm32l4xx_hal_gpio.o"
arm-none-eabi-gcc "../Drivers/STM32L4xx_HAL_Driver/Src/stm32l4xx_hal_pwr.c" -mcpu=cortex-m4 -std=gnu11 -g3 -DDEBUG -DUSE_HAL_DRIVER -DSTM32L432xx -c -I../Core/Inc -I../Drivers/STM32L4xx_HAL_Driver/Inc -I../Drivers/STM32L4xx_HAL_Driver/Inc/Legacy -I../Drivers/CMSIS/Device/ST/STM32L4xx/Include -I../Drivers/CMSIS/Include -O0 -ffunction-sections -fdata-sections -Wall -fstack-usage -fcyclomatic-complexity -MMD -MP -MF"Drivers/STM32L4xx_HAL_Driver/Src/stm32l4xx_hal_pwr.d" -MT"Drivers/STM32L4xx_HAL_Driver/Src/stm32l4xx_hal_pwr.o" --specs=nano.specs -mfpu=fpv4-sp-d16 -mfloat-abi=hard -mthumb -o "Drivers/STM32L4xx_HAL_Driver/Src/stm32l4xx_hal_pwr.o"
arm-none-eabi-gcc "../Drivers/STM32L4xx_HAL_Driver/Src/stm32l4xx_hal_pwr_ex.c" -mcpu=cortex-m4 -std=gnu11 -g3 -DDEBUG -DUSE_HAL_DRIVER -DSTM32L432xx -c -I../Core/Inc -I../Drivers/STM32L4xx_HAL_Driver/Inc -I../Drivers/STM32L4xx_HAL_Driver/Inc/Legacy -I../Drivers/CMSIS/Device/ST/STM32L4xx/Include -I../Drivers/CMSIS/Include -O0 -ffunction-sections -fdata-sections -Wall -fstack-usage -fcyclomatic-complexity -MMD -MP -MF"Drivers/STM32L4xx_HAL_Driver/Src/stm32l4xx_hal_pwr_ex.d" -MT"Drivers/STM32L4xx_HAL_Driver/Src/stm32l4xx_hal_pwr_ex.o" --specs=nano.specs -mfpu=fpv4-sp-d16 -mfloat-abi=hard -mthumb -o "Drivers/STM32L4xx_HAL_Driver/Src/stm32l4xx_hal_pwr_ex.o"
arm-none-eabi-gcc "../Drivers/STM32L4xx_HAL_Driver/Src/stm32l4xx_hal_rcc.c" -mcpu=cortex-m4 -std=gnu11 -g3 -DDEBUG -DUSE_HAL_DRIVER -DSTM32L432xx -c -I../Core/Inc -I../Drivers/STM32L4xx_HAL_Driver/Inc -I../Drivers/STM32L4xx_HAL_Driver/Inc/Legacy -I../Drivers/CMSIS/Device/ST/STM32L4xx/Include -I../Drivers/CMSIS/Include -O0 -ffunction-sections -fdata-sections -Wall -fstack-usage -fcyclomatic-complexity -MMD -MP -MF"Drivers/STM32L4xx_HAL_Driver/Src/stm32l4xx_hal_rcc.d" -MT"Drivers/STM32L4xx_HAL_Driver/Src/stm32l4xx_hal_rcc.o" --specs=nano.specs -mfpu=fpv4-sp-d16 -mfloat-abi=hard -mthumb -o "Drivers/STM32L4xx_HAL_Driver/Src/stm32l4xx_hal_rcc.o"
arm-none-eabi-gcc "../Drivers/STM32L4xx_HAL_Driver/Src/stm32l4xx_hal_rcc_ex.c" -mcpu=cortex-m4 -std=gnu11 -g3 -DDEBUG -DUSE_HAL_DRIVER -DSTM32L432xx -c -I../Core/Inc -I../Drivers/STM32L4xx_HAL_Driver/Inc -I../Drivers/STM32L4xx_HAL_Driver/Inc/Legacy -I../Drivers/CMSIS/Device/ST/STM32L4xx/Include -I../Drivers/CMSIS/Include -O0 -ffunction-sections -fdata-sections -Wall -fstack-usage -fcyclomatic-complexity -MMD -MP -MF"Drivers/STM32L4xx_HAL_Driver/Src/stm32l4xx_hal_rcc_ex.d" -MT"Drivers/STM32L4xx_HAL_Driver/Src/stm32l4xx_hal_rcc_ex.o" --specs=nano.specs -mfpu=fpv4-sp-d16 -mfloat-abi=hard -mthumb -o "Drivers/STM32L4xx_HAL_Driver/Src/stm32l4xx_hal_rcc_ex.o"
arm-none-eabi-gcc "../Drivers/STM32L4xx_HAL_Driver/Src/stm32l4xx_hal_spi.c" -mcpu=cortex-m4 -std=gnu11 -g3 -DDEBUG -DUSE_HAL_DRIVER -DSTM32L432xx -c -I../Core/Inc -I../Drivers/STM32L4xx_HAL_Driver/Inc -I../Drivers/STM32L4xx_HAL_Driver/Inc/Legacy -I../Drivers/CMSIS/Device/ST/STM32L4xx/Include -I../Drivers/CMSIS/Include -O0 -ffunction-sections -fdata-sections -Wall -fstack-usage -fcyclomatic-complexity -MMD -MP -MF"Drivers/STM32L4xx_HAL_Driver/Src/stm32l4xx_hal_spi.d" -MT"Drivers/STM32L4xx_HAL_Driver/Src/stm32l4xx_hal_spi.o" --specs=nano.specs -mfpu=fpv4-sp-d16 -mfloat-abi=hard -mthumb -o "Drivers/STM32L4xx_HAL_Driver/Src/stm32l4xx_hal_spi.o"
arm-none-eabi-gcc "../Drivers/STM32L4xx_HAL_Driver/Src/stm32l4xx_hal_spi_ex.c" -mcpu=cortex-m4 -std=gnu11 -g3 -DDEBUG -DUSE_HAL_DRIVER -DSTM32L432xx -c -I../Core/Inc -I../Drivers/STM32L4xx_HAL_Driver/Inc -I../Drivers/STM32L4xx_HAL_Driver/Inc/Legacy -I../Drivers/CMSIS/Device/ST/STM32L4xx/Include -I../Drivers/CMSIS/Include -O0 -ffunction-sections -fdata-sections -Wall -fstack-usage -fcyclomatic-complexity -MMD -MP -MF"Drivers/STM32L4xx_HAL_Driver/Src/stm32l4xx_hal_spi_ex.d" -MT"Drivers/STM32L4xx_HAL_Driver/Src/stm32l4xx_hal_spi_ex.o" --specs=nano.specs -mfpu=fpv4-sp-d16 -mfloat-abi=hard -mthumb -o "Drivers/STM32L4xx_HAL_Driver/Src/stm32l4xx_hal_spi_ex.o"
arm-none-eabi-gcc -mcpu=cortex-m4 -g3 -DDEBUG -c -x assembler-with-cpp -MMD -MP -MF"Core/Startup/startup_stm32l432kcux.d" -MT"Core/Startup/startup_stm32l432kcux.o" --specs=nano.specs -mfpu=fpv4-sp-d16 -mfloat-abi=hard -mthumb -o "Core/Startup/startup_stm32l432kcux.o" "../Core/Startup/startup_stm32l432kcux.s"
arm-none-eabi-gcc "../Core/Src/main.c" -mcpu=cortex-m4 -std=gnu11 -g3 -DDEBUG -DUSE_HAL_DRIVER -DSTM32L432xx -c -I../Core/Inc -I../Drivers/STM32L4xx_HAL_Driver/Inc -I../Drivers/STM32L4xx_HAL_Driver/Inc/Legacy -I../Drivers/CMSIS/Device/ST/STM32L4xx/Include -I../Drivers/CMSIS/Include -O0 -ffunction-sections -fdata-sections -Wall -fstack-usage -fcyclomatic-complexity -MMD -MP -MF"Core/Src/main.d" -MT"Core/Src/main.o" --specs=nano.specs -mfpu=fpv4-sp-d16 -mfloat-abi=hard -mthumb -o "Core/Src/main.o"
arm-none-eabi-gcc "../Core/Src/stm32l4xx_hal_msp.c" -mcpu=cortex-m4 -std=gnu11 -g3 -DDEBUG -DUSE_HAL_DRIVER -DSTM32L432xx -c -I../Core/Inc -I../Drivers/STM32L4xx_HAL_Driver/Inc -I../Drivers/STM32L4xx_HAL_Driver/Inc/Legacy -I../Drivers/CMSIS/Device/ST/STM32L4xx/Include -I../Drivers/CMSIS/Include -O0 -ffunction-sections -fdata-sections -Wall -fstack-usage -fcyclomatic-complexity -MMD -MP -MF"Core/Src/stm32l4xx_hal_msp.d" -MT"Core/Src/stm32l4xx_hal_msp.o" --specs=nano.specs -mfpu=fpv4-sp-d16 -mfloat-abi=hard -mthumb -o "Core/Src/stm32l4xx_hal_msp.o"
arm-none-eabi-gcc "../Core/Src/stm32l4xx_it.c" -mcpu=cortex-m4 -std=gnu11 -g3 -DDEBUG -DUSE_HAL_DRIVER -DSTM32L432xx -c -I../Core/Inc -I../Drivers/STM32L4xx_HAL_Driver/Inc -I../Drivers/STM32L4xx_HAL_Driver/Inc/Legacy -I../Drivers/CMSIS/Device/ST/STM32L4xx/Include -I../Drivers/CMSIS/Include -O0 -ffunction-sections -fdata-sections -Wall -fstack-usage -fcyclomatic-complexity -MMD -MP -MF"Core/Src/stm32l4xx_it.d" -MT"Core/Src/stm32l4xx_it.o" --specs=nano.specs -mfpu=fpv4-sp-d16 -mfloat-abi=hard -mthumb -o "Core/Src/stm32l4xx_it.o"
arm-none-eabi-gcc "../Core/Src/syscalls.c" -mcpu=cortex-m4 -std=gnu11 -g3 -DDEBUG -DUSE_HAL_DRIVER -DSTM32L432xx -c -I../Core/Inc -I../Drivers/STM32L4xx_HAL_Driver/Inc -I../Drivers/STM32L4xx_HAL_Driver/Inc/Legacy -I../Drivers/CMSIS/Device/ST/STM32L4xx/Include -I../Drivers/CMSIS/Include -O0 -ffunction-sections -fdata-sections -Wall -fstack-usage -fcyclomatic-complexity -MMD -MP -MF"Core/Src/syscalls.d" -MT"Core/Src/syscalls.o" --specs=nano.specs -mfpu=fpv4-sp-d16 -mfloat-abi=hard -mthumb -o "Core/Src/syscalls.o"
arm-none-eabi-gcc "../Core/Src/sysmem.c" -mcpu=cortex-m4 -std=gnu11 -g3 -DDEBUG -DUSE_HAL_DRIVER -DSTM32L432xx -c -I../Core/Inc -I../Drivers/STM32L4xx_HAL_Driver/Inc -I../Drivers/STM32L4xx_HAL_Driver/Inc/Legacy -I../Drivers/CMSIS/Device/ST/STM32L4xx/Include -I../Drivers/CMSIS/Include -O0 -ffunction-sections -fdata-sections -Wall -fstack-usage -fcyclomatic-complexity -MMD -MP -MF"Core/Src/sysmem.d" -MT"Core/Src/sysmem.o" --specs=nano.specs -mfpu=fpv4-sp-d16 -mfloat-abi=hard -mthumb -o "Core/Src/sysmem.o"
arm-none-eabi-gcc "../Core/Src/system_stm32l4xx.c" -mcpu=cortex-m4 -std=gnu11 -g3 -DDEBUG -DUSE_HAL_DRIVER -DSTM32L432xx -c -I../Core/Inc -I../Drivers/STM32L4xx_HAL_Driver/Inc -I../Drivers/STM32L4xx_HAL_Driver/Inc/Legacy -I../Drivers/CMSIS/Device/ST/STM32L4xx/Include -I../Drivers/CMSIS/Include -O0 -ffunction-sections -fdata-sections -Wall -fstack-usage -fcyclomatic-complexity -MMD -MP -MF"Core/Src/system_stm32l4xx.d" -MT"Core/Src/system_stm32l4xx.o" --specs=nano.specs -mfpu=fpv4-sp-d16 -mfloat-abi=hard -mthumb -o "Core/Src/system_stm32l4xx.o"
../Core/Src/main.c: In function 'main':
../Core/Src/main.c:111:28: error: 'REG_STATUS' undeclared (first use in this function)
  111 |  checkStatus = spiReadByte(REG_STATUS); // Expect x0E
      |                            ^~~~~~~~~~
../Core/Src/main.c:111:28: note: each undeclared identifier is reported only once for each function it appears in
../Core/Src/main.c:112:33: error: 'REG_FIFO_STATUS' undeclared (first use in this function)
  112 |  checkFIFO_Status = spiReadByte(REG_FIFO_STATUS); // x11 expected
      |                                 ^~~~~~~~~~~~~~~
../Core/Src/main.c:100:11: warning: variable 'checkFIFO_Status' set but not used [-Wunused-but-set-variable]
  100 |   uint8_t checkFIFO_Status;
      |           ^~~~~~~~~~~~~~~~
../Core/Src/main.c:99:11: warning: variable 'checkStatus' set but not used [-Wunused-but-set-variable]
   99 |   uint8_t checkStatus;
      |           ^~~~~~~~~~~
../Core/Src/main.c: In function 'setupTXsimple':
../Core/Src/main.c:267:15: error: 'REG_SETUP_RETR' undeclared (first use in this function)
  267 |  spiWriteByte(REG_SETUP_RETR, 0x00); // no retransmission / acknowledgment
      |               ^~~~~~~~~~~~~~
../Core/Src/main.c:268:15: error: 'REG_EN_AA' undeclared (first use in this function)
  268 |  spiWriteByte(REG_EN_AA, 0x00); //no auto acknowledge
      |               ^~~~~~~~~
../Core/Src/main.c:269:15: error: 'REG_SETUP_AW' undeclared (first use in this function)
  269 |  spiWriteByte(REG_SETUP_AW, 0x02); // makes address width 4 bytes
      |               ^~~~~~~~~~~~
../Core/Src/main.c:270:15: error: 'REG_RF_CH' undeclared (first use in this function)
  270 |  spiWriteByte(REG_RF_CH, 0x02);// make frequency 2.402 Ghz
      |               ^~~~~~~~~
../Core/Src/main.c:271:15: error: 'REG_RF_SETUP' undeclared (first use in this function)
  271 |  spiWriteByte(REG_RF_SETUP, 0x26); // lowest data rate + highest output pwr
      |               ^~~~~~~~~~~~
../Core/Src/main.c:275:16: error: 'REG_TX_ADDR' undeclared (first use in this function)
  275 |  spiWriteNByte(REG_TX_ADDR, TxAddr, 4);
      |                ^~~~~~~~~~~
../Core/Src/main.c:278:15: error: 'REG_RX_PW_P0' undeclared (first use in this function)
  278 |  spiWriteByte(REG_RX_PW_P0, 0x00);
      |               ^~~~~~~~~~~~
../Core/Src/main.c:279:15: error: 'REG_RX_PW_P1' undeclared (first use in this function)
  279 |  spiWriteByte(REG_RX_PW_P1, 0x00);
      |               ^~~~~~~~~~~~
../Core/Src/main.c:280:15: error: 'REG_RX_PW_P2' undeclared (first use in this function)
  280 |  spiWriteByte(REG_RX_PW_P2, 0x00);
      |               ^~~~~~~~~~~~
../Core/Src/main.c:281:15: error: 'REG_RX_PW_P3' undeclared (first use in this function)
  281 |  spiWriteByte(REG_RX_PW_P3, 0x00);
      |               ^~~~~~~~~~~~
../Core/Src/main.c:282:15: error: 'REG_RX_PW_P4' undeclared (first use in this function)
  282 |  spiWriteByte(REG_RX_PW_P4, 0x00);
      |               ^~~~~~~~~~~~
../Core/Src/main.c:283:15: error: 'REG_RX_PW_P5' undeclared (first use in this function)
  283 |  spiWriteByte(REG_RX_PW_P5, 0x00);
      |               ^~~~~~~~~~~~
../Core/Src/main.c:286:15: error: 'REG_DYNPD' undeclared (first use in this function)
  286 |  spiWriteByte(REG_DYNPD, 0x00);
      |               ^~~~~~~~~
../Core/Src/main.c:287:15: error: 'REG_FEATURE' undeclared (first use in this function)
  287 |  spiWriteByte(REG_FEATURE, 0x00);
      |               ^~~~~~~~~~~
../Core/Src/main.c:290:15: error: 'REG_CONFIG' undeclared (first use in this function)
  290 |  spiWriteByte(REG_CONFIG, 0x0A);
      |               ^~~~~~~~~~
../Core/Src/main.c: In function 'checkTXsimple':
../Core/Src/main.c:296:23: error: 'REG_SETUP_RETR' undeclared (first use in this function)
  296 |  buf[0] = spiReadByte(REG_SETUP_RETR);
      |                       ^~~~~~~~~~~~~~
../Core/Src/main.c:297:24: error: 'REG_EN_AA' undeclared (first use in this function)
  297 |  buf[13] = spiReadByte(REG_EN_AA); //no auto acknowledge
      |                        ^~~~~~~~~
../Core/Src/main.c:298:23: error: 'REG_SETUP_AW' undeclared (first use in this function)
  298 |  buf[1] = spiReadByte(REG_SETUP_AW); // makes address width 4 bytes
      |                       ^~~~~~~~~~~~
../Core/Src/main.c:299:23: error: 'REG_RF_CH' undeclared (first use in this function)
  299 |  buf[2] = spiReadByte(REG_RF_CH);// make frequency 2.402 Ghz
      |                       ^~~~~~~~~
../Core/Src/main.c:300:23: error: 'REG_RF_SETUP' undeclared (first use in this function)
  300 |  buf[3] = spiReadByte(REG_RF_SETUP); // lowest data rate + highest output pwr
      |                       ^~~~~~~~~~~~
../Core/Src/main.c:303:15: error: 'REG_TX_ADDR' undeclared (first use in this function)
  303 |  spiReadNByte(REG_TX_ADDR, (uint8_t *)buf2, 4);
      |               ^~~~~~~~~~~
../Core/Src/main.c:306:24: error: 'REG_RX_PW_P0' undeclared (first use in this function)
  306 |  buf[4] =  spiReadByte(REG_RX_PW_P0);
      |                        ^~~~~~~~~~~~
../Core/Src/main.c:307:24: error: 'REG_RX_PW_P1' undeclared (first use in this function)
  307 |  buf[5] =  spiReadByte(REG_RX_PW_P1);
      |                        ^~~~~~~~~~~~
../Core/Src/main.c:308:24: error: 'REG_RX_PW_P2' undeclared (first use in this function)
  308 |  buf[6] =  spiReadByte(REG_RX_PW_P2);
      |                        ^~~~~~~~~~~~
../Core/Src/main.c:309:24: error: 'REG_RX_PW_P3' undeclared (first use in this function)
  309 |  buf[7] =  spiReadByte(REG_RX_PW_P3);
      |                        ^~~~~~~~~~~~
../Core/Src/main.c:310:24: error: 'REG_RX_PW_P4' undeclared (first use in this function)
  310 |  buf[8] =  spiReadByte(REG_RX_PW_P4);
      |                        ^~~~~~~~~~~~
../Core/Src/main.c:311:24: error: 'REG_RX_PW_P5' undeclared (first use in this function)
  311 |  buf[9] =  spiReadByte(REG_RX_PW_P5);
      |                        ^~~~~~~~~~~~
../Core/Src/main.c:314:25: error: 'REG_DYNPD' undeclared (first use in this function)
  314 |  buf[10] =  spiReadByte(REG_DYNPD);
      |                         ^~~~~~~~~
../Core/Src/main.c:315:25: error: 'REG_FEATURE' undeclared (first use in this function)
  315 |  buf[11] =  spiReadByte(REG_FEATURE);
      |                         ^~~~~~~~~~~
../Core/Src/main.c:316:25: error: 'REG_CONFIG' undeclared (first use in this function)
  316 |  buf[12] =  spiReadByte(REG_CONFIG);
      |                         ^~~~~~~~~~
make: *** [Core/Src/subdir.mk:34: Core/Src/main.o] Error 1
"make -j16 all" terminated with exit code 2. Build might be incomplete.
20:44:25 **** Incremental Build of configuration Debug for project Prototype3_RadioTest ****
make -j16 all 
arm-none-eabi-gcc "../Core/Src/main.c" -mcpu=cortex-m4 -std=gnu11 -g3 -DDEBUG -DUSE_HAL_DRIVER -DSTM32L432xx -c -I../Core/Inc -I../Drivers/STM32L4xx_HAL_Driver/Inc -I../Drivers/STM32L4xx_HAL_Driver/Inc/Legacy -I../Drivers/CMSIS/Device/ST/STM32L4xx/Include -I../Drivers/CMSIS/Include -O0 -ffunction-sections -fdata-sections -Wall -fstack-usage -fcyclomatic-complexity -MMD -MP -MF"Core/Src/main.d" -MT"Core/Src/main.o" --specs=nano.specs -mfpu=fpv4-sp-d16 -mfloat-abi=hard -mthumb -o "Core/Src/main.o"
../Core/Src/main.c: In function 'main':
../Core/Src/main.c:111:28: error: 'REG_STATUS' undeclared (first use in this function)
  111 |  checkStatus = spiReadByte(REG_STATUS); // Expect x0E
      |                            ^~~~~~~~~~
../Core/Src/main.c:111:28: note: each undeclared identifier is reported only once for each function it appears in
../Core/Src/main.c:112:33: error: 'REG_FIFO_STATUS' undeclared (first use in this function)
  112 |  checkFIFO_Status = spiReadByte(REG_FIFO_STATUS); // x11 expected
      |                                 ^~~~~~~~~~~~~~~
../Core/Src/main.c:100:11: warning: variable 'checkFIFO_Status' set but not used [-Wunused-but-set-variable]
  100 |   uint8_t checkFIFO_Status;
      |           ^~~~~~~~~~~~~~~~
../Core/Src/main.c:99:11: warning: variable 'checkStatus' set but not used [-Wunused-but-set-variable]
   99 |   uint8_t checkStatus;
      |           ^~~~~~~~~~~
../Core/Src/main.c: In function 'setupTXsimple':
../Core/Src/main.c:267:15: error: 'REG_SETUP_RETR' undeclared (first use in this function)
  267 |  spiWriteByte(REG_SETUP_RETR, 0x00); // no retransmission / acknowledgment
      |               ^~~~~~~~~~~~~~
../Core/Src/main.c:268:15: error: 'REG_EN_AA' undeclared (first use in this function)
  268 |  spiWriteByte(REG_EN_AA, 0x00); //no auto acknowledge
      |               ^~~~~~~~~
../Core/Src/main.c:269:15: error: 'REG_SETUP_AW' undeclared (first use in this function)
  269 |  spiWriteByte(REG_SETUP_AW, 0x02); // makes address width 4 bytes
      |               ^~~~~~~~~~~~
../Core/Src/main.c:270:15: error: 'REG_RF_CH' undeclared (first use in this function)
  270 |  spiWriteByte(REG_RF_CH, 0x02);// make frequency 2.402 Ghz
      |               ^~~~~~~~~
../Core/Src/main.c:271:15: error: 'REG_RF_SETUP' undeclared (first use in this function)
  271 |  spiWriteByte(REG_RF_SETUP, 0x26); // lowest data rate + highest output pwr
      |               ^~~~~~~~~~~~
../Core/Src/main.c:275:16: error: 'REG_TX_ADDR' undeclared (first use in this function)
  275 |  spiWriteNByte(REG_TX_ADDR, TxAddr, 4);
      |                ^~~~~~~~~~~
../Core/Src/main.c:278:15: error: 'REG_RX_PW_P0' undeclared (first use in this function)
  278 |  spiWriteByte(REG_RX_PW_P0, 0x00);
      |               ^~~~~~~~~~~~
../Core/Src/main.c:279:15: error: 'REG_RX_PW_P1' undeclared (first use in this function)
  279 |  spiWriteByte(REG_RX_PW_P1, 0x00);
      |               ^~~~~~~~~~~~
../Core/Src/main.c:280:15: error: 'REG_RX_PW_P2' undeclared (first use in this function)
  280 |  spiWriteByte(REG_RX_PW_P2, 0x00);
      |               ^~~~~~~~~~~~
../Core/Src/main.c:281:15: error: 'REG_RX_PW_P3' undeclared (first use in this function)
  281 |  spiWriteByte(REG_RX_PW_P3, 0x00);
      |               ^~~~~~~~~~~~
../Core/Src/main.c:282:15: error: 'REG_RX_PW_P4' undeclared (first use in this function)
  282 |  spiWriteByte(REG_RX_PW_P4, 0x00);
      |               ^~~~~~~~~~~~
../Core/Src/main.c:283:15: error: 'REG_RX_PW_P5' undeclared (first use in this function)
  283 |  spiWriteByte(REG_RX_PW_P5, 0x00);
      |               ^~~~~~~~~~~~
../Core/Src/main.c:286:15: error: 'REG_DYNPD' undeclared (first use in this function)
  286 |  spiWriteByte(REG_DYNPD, 0x00);
      |               ^~~~~~~~~
../Core/Src/main.c:287:15: error: 'REG_FEATURE' undeclared (first use in this function)
  287 |  spiWriteByte(REG_FEATURE, 0x00);
      |               ^~~~~~~~~~~
../Core/Src/main.c:290:15: error: 'REG_CONFIG' undeclared (first use in this function)
  290 |  spiWriteByte(REG_CONFIG, 0x0A);
      |               ^~~~~~~~~~
../Core/Src/main.c: In function 'checkTXsimple':
../Core/Src/main.c:296:23: error: 'REG_SETUP_RETR' undeclared (first use in this function)
  296 |  buf[0] = spiReadByte(REG_SETUP_RETR);
      |                       ^~~~~~~~~~~~~~
../Core/Src/main.c:297:24: error: 'REG_EN_AA' undeclared (first use in this function)
  297 |  buf[13] = spiReadByte(REG_EN_AA); //no auto acknowledge
      |                        ^~~~~~~~~
../Core/Src/main.c:298:23: error: 'REG_SETUP_AW' undeclared (first use in this function)
  298 |  buf[1] = spiReadByte(REG_SETUP_AW); // makes address width 4 bytes
      |                       ^~~~~~~~~~~~
../Core/Src/main.c:299:23: error: 'REG_RF_CH' undeclared (first use in this function)
  299 |  buf[2] = spiReadByte(REG_RF_CH);// make frequency 2.402 Ghz
      |                       ^~~~~~~~~
../Core/Src/main.c:300:23: error: 'REG_RF_SETUP' undeclared (first use in this function)
  300 |  buf[3] = spiReadByte(REG_RF_SETUP); // lowest data rate + highest output pwr
      |                       ^~~~~~~~~~~~
../Core/Src/main.c:303:15: error: 'REG_TX_ADDR' undeclared (first use in this function)
  303 |  spiReadNByte(REG_TX_ADDR, (uint8_t *)buf2, 4);
      |               ^~~~~~~~~~~
../Core/Src/main.c:306:24: error: 'REG_RX_PW_P0' undeclared (first use in this function)
  306 |  buf[4] =  spiReadByte(REG_RX_PW_P0);
      |                        ^~~~~~~~~~~~
../Core/Src/main.c:307:24: error: 'REG_RX_PW_P1' undeclared (first use in this function)
  307 |  buf[5] =  spiReadByte(REG_RX_PW_P1);
      |                        ^~~~~~~~~~~~
../Core/Src/main.c:308:24: error: 'REG_RX_PW_P2' undeclared (first use in this function)
  308 |  buf[6] =  spiReadByte(REG_RX_PW_P2);
      |                        ^~~~~~~~~~~~
../Core/Src/main.c:309:24: error: 'REG_RX_PW_P3' undeclared (first use in this function)
  309 |  buf[7] =  spiReadByte(REG_RX_PW_P3);
      |                        ^~~~~~~~~~~~
../Core/Src/main.c:310:24: error: 'REG_RX_PW_P4' undeclared (first use in this function)
  310 |  buf[8] =  spiReadByte(REG_RX_PW_P4);
      |                        ^~~~~~~~~~~~
../Core/Src/main.c:311:24: error: 'REG_RX_PW_P5' undeclared (first use in this function)
  311 |  buf[9] =  spiReadByte(REG_RX_PW_P5);
      |                        ^~~~~~~~~~~~
../Core/Src/main.c:314:25: error: 'REG_DYNPD' undeclared (first use in this function)
  314 |  buf[10] =  spiReadByte(REG_DYNPD);
      |                         ^~~~~~~~~
../Core/Src/main.c:315:25: error: 'REG_FEATURE' undeclared (first use in this function)
  315 |  buf[11] =  spiReadByte(REG_FEATURE);
      |                         ^~~~~~~~~~~
../Core/Src/main.c:316:25: error: 'REG_CONFIG' undeclared (first use in this function)
  316 |  buf[12] =  spiReadByte(REG_CONFIG);
      |                         ^~~~~~~~~~
make: *** [Core/Src/subdir.mk:34: Core/Src/main.o] Error 1
"make -j16 all" terminated with exit code 2. Build might be incomplete.
20:44:41 **** Incremental Build of configuration Debug for project Prototype3_RadioTest ****
make -j16 all 
arm-none-eabi-gcc "../Core/Src/main.c" -mcpu=cortex-m4 -std=gnu11 -g3 -DDEBUG -DUSE_HAL_DRIVER -DSTM32L432xx -c -I../Core/Inc -I../Drivers/STM32L4xx_HAL_Driver/Inc -I../Drivers/STM32L4xx_HAL_Driver/Inc/Legacy -I../Drivers/CMSIS/Device/ST/STM32L4xx/Include -I../Drivers/CMSIS/Include -O0 -ffunction-sections -fdata-sections -Wall -fstack-usage -fcyclomatic-complexity -MMD -MP -MF"Core/Src/main.d" -MT"Core/Src/main.o" --specs=nano.specs -mfpu=fpv4-sp-d16 -mfloat-abi=hard -mthumb -o "Core/Src/main.o"
../Core/Src/main.c: In function 'main':
../Core/Src/main.c:100:11: warning: variable 'checkFIFO_Status' set but not used [-Wunused-but-set-variable]
  100 |   uint8_t checkFIFO_Status;
      |           ^~~~~~~~~~~~~~~~
../Core/Src/main.c:99:11: warning: variable 'checkStatus' set but not used [-Wunused-but-set-variable]
   99 |   uint8_t checkStatus;
      |           ^~~~~~~~~~~
arm-none-eabi-gcc -o "Prototype3_RadioTest.elf" @"objects.list"   -mcpu=cortex-m4 -T"C:\Users\Xande\Desktop\HMC Files\Junior\Spring\Clinic\Radio\cubeIDE_workspace\Prototype3_RadioTest\STM32L432KCUX_FLASH.ld" --specs=nosys.specs -Wl,-Map="Prototype3_RadioTest.map" -Wl,--gc-sections -static --specs=nano.specs -mfpu=fpv4-sp-d16 -mfloat-abi=hard -mthumb -Wl,--start-group -lc -lm -Wl,--end-group
c:\st\stm32cubeide_1.9.0\stm32cubeide\plugins\com.st.stm32cube.ide.mcu.externaltools.gnu-tools-for-stm32.10.3-2021.10.win32_1.0.200.202301161003\tools\arm-none-eabi\bin\ld.exe: ./Core/Src/main.o: in function `main':
C:/Users/Xande/Desktop/HMC Files/Junior/Spring/Clinic/Radio/cubeIDE_workspace/Prototype3_RadioTest/Debug/../Core/Src/main.c:111: undefined reference to `spiReadByte'
c:\st\stm32cubeide_1.9.0\stm32cubeide\plugins\com.st.stm32cube.ide.mcu.externaltools.gnu-tools-for-stm32.10.3-2021.10.win32_1.0.200.202301161003\tools\arm-none-eabi\bin\ld.exe: C:/Users/Xande/Desktop/HMC Files/Junior/Spring/Clinic/Radio/cubeIDE_workspace/Prototype3_RadioTest/Debug/../Core/Src/main.c:112: undefined reference to `spiReadByte'
c:\st\stm32cubeide_1.9.0\stm32cubeide\plugins\com.st.stm32cube.ide.mcu.externaltools.gnu-tools-for-stm32.10.3-2021.10.win32_1.0.200.202301161003\tools\arm-none-eabi\bin\ld.exe: C:/Users/Xande/Desktop/HMC Files/Junior/Spring/Clinic/Radio/cubeIDE_workspace/Prototype3_RadioTest/Debug/../Core/Src/main.c:115: undefined reference to `spiReadByte'
c:\st\stm32cubeide_1.9.0\stm32cubeide\plugins\com.st.stm32cube.ide.mcu.externaltools.gnu-tools-for-stm32.10.3-2021.10.win32_1.0.200.202301161003\tools\arm-none-eabi\bin\ld.exe: C:/Users/Xande/Desktop/HMC Files/Junior/Spring/Clinic/Radio/cubeIDE_workspace/Prototype3_RadioTest/Debug/../Core/Src/main.c:117: undefined reference to `spiReadByte'
c:\st\stm32cubeide_1.9.0\stm32cubeide\plugins\com.st.stm32cube.ide.mcu.externaltools.gnu-tools-for-stm32.10.3-2021.10.win32_1.0.200.202301161003\tools\arm-none-eabi\bin\ld.exe: C:/Users/Xande/Desktop/HMC Files/Junior/Spring/Clinic/Radio/cubeIDE_workspace/Prototype3_RadioTest/Debug/../Core/Src/main.c:118: undefined reference to `spiReadByte'
collect2.exe: error: ld returned 1 exit status
make: *** [makefile:64: Prototype3_RadioTest.elf] Error 1
"make -j16 all" terminated with exit code 2. Build might be incomplete.
20:45:31 **** Incremental Build of configuration Debug for project Prototype3_RadioTest ****
make -j16 all 
arm-none-eabi-gcc "../Core/Src/main.c" -mcpu=cortex-m4 -std=gnu11 -g3 -DDEBUG -DUSE_HAL_DRIVER -DSTM32L432xx -c -I../Core/Inc -I../Drivers/STM32L4xx_HAL_Driver/Inc -I../Drivers/STM32L4xx_HAL_Driver/Inc/Legacy -I../Drivers/CMSIS/Device/ST/STM32L4xx/Include -I../Drivers/CMSIS/Include -O0 -ffunction-sections -fdata-sections -Wall -fstack-usage -fcyclomatic-complexity -MMD -MP -MF"Core/Src/main.d" -MT"Core/Src/main.o" --specs=nano.specs -mfpu=fpv4-sp-d16 -mfloat-abi=hard -mthumb -o "Core/Src/main.o"
../Core/Src/main.c: In function 'main':
../Core/Src/main.c:100:11: warning: variable 'checkFIFO_Status' set but not used [-Wunused-but-set-variable]
  100 |   uint8_t checkFIFO_Status;
      |           ^~~~~~~~~~~~~~~~
../Core/Src/main.c:99:11: warning: variable 'checkStatus' set but not used [-Wunused-but-set-variable]
   99 |   uint8_t checkStatus;
      |           ^~~~~~~~~~~
arm-none-eabi-gcc -o "Prototype3_RadioTest.elf" @"objects.list"   -mcpu=cortex-m4 -T"C:\Users\Xande\Desktop\HMC Files\Junior\Spring\Clinic\Radio\cubeIDE_workspace\Prototype3_RadioTest\STM32L432KCUX_FLASH.ld" --specs=nosys.specs -Wl,-Map="Prototype3_RadioTest.map" -Wl,--gc-sections -static --specs=nano.specs -mfpu=fpv4-sp-d16 -mfloat-abi=hard -mthumb -Wl,--start-group -lc -lm -Wl,--end-group
Finished building target: Prototype3_RadioTest.elf
 
arm-none-eabi-size   Prototype3_RadioTest.elf 
arm-none-eabi-objdump -h -S  Prototype3_RadioTest.elf  > "Prototype3_RadioTest.list"
   text	   data	    bss	    dec	    hex	filename
   9684	     20	   1684	  11388	   2c7c	Prototype3_RadioTest.elf
Finished building: default.size.stdout
 
Finished building: Prototype3_RadioTest.list
 
20:53:23 **** Incremental Build of configuration Debug for project Prototype3_RadioTest ****
make -j16 all 
arm-none-eabi-gcc "../Core/Src/main.c" -mcpu=cortex-m4 -std=gnu11 -g3 -DDEBUG -DUSE_HAL_DRIVER -DSTM32L432xx -c -I../Core/Inc -I../Drivers/STM32L4xx_HAL_Driver/Inc -I../Drivers/STM32L4xx_HAL_Driver/Inc/Legacy -I../Drivers/CMSIS/Device/ST/STM32L4xx/Include -I../Drivers/CMSIS/Include -O0 -ffunction-sections -fdata-sections -Wall -fstack-usage -fcyclomatic-complexity -MMD -MP -MF"Core/Src/main.d" -MT"Core/Src/main.o" --specs=nano.specs -mfpu=fpv4-sp-d16 -mfloat-abi=hard -mthumb -o "Core/Src/main.o"
arm-none-eabi-gcc "../Core/Src/stm32l4xx_hal_msp.c" -mcpu=cortex-m4 -std=gnu11 -g3 -DDEBUG -DUSE_HAL_DRIVER -DSTM32L432xx -c -I../Core/Inc -I../Drivers/STM32L4xx_HAL_Driver/Inc -I../Drivers/STM32L4xx_HAL_Driver/Inc/Legacy -I../Drivers/CMSIS/Device/ST/STM32L4xx/Include -I../Drivers/CMSIS/Include -O0 -ffunction-sections -fdata-sections -Wall -fstack-usage -fcyclomatic-complexity -MMD -MP -MF"Core/Src/stm32l4xx_hal_msp.d" -MT"Core/Src/stm32l4xx_hal_msp.o" --specs=nano.specs -mfpu=fpv4-sp-d16 -mfloat-abi=hard -mthumb -o "Core/Src/stm32l4xx_hal_msp.o"
arm-none-eabi-gcc "../Core/Src/stm32l4xx_it.c" -mcpu=cortex-m4 -std=gnu11 -g3 -DDEBUG -DUSE_HAL_DRIVER -DSTM32L432xx -c -I../Core/Inc -I../Drivers/STM32L4xx_HAL_Driver/Inc -I../Drivers/STM32L4xx_HAL_Driver/Inc/Legacy -I../Drivers/CMSIS/Device/ST/STM32L4xx/Include -I../Drivers/CMSIS/Include -O0 -ffunction-sections -fdata-sections -Wall -fstack-usage -fcyclomatic-complexity -MMD -MP -MF"Core/Src/stm32l4xx_it.d" -MT"Core/Src/stm32l4xx_it.o" --specs=nano.specs -mfpu=fpv4-sp-d16 -mfloat-abi=hard -mthumb -o "Core/Src/stm32l4xx_it.o"
../Core/Src/main.c: In function 'main':
../Core/Src/main.c:100:11: warning: variable 'checkFIFO_Status' set but not used [-Wunused-but-set-variable]
  100 |   uint8_t checkFIFO_Status;
      |           ^~~~~~~~~~~~~~~~
../Core/Src/main.c:99:11: warning: variable 'checkStatus' set but not used [-Wunused-but-set-variable]
   99 |   uint8_t checkStatus;
      |           ^~~~~~~~~~~
arm-none-eabi-gcc -o "Prototype3_RadioTest.elf" @"objects.list"   -mcpu=cortex-m4 -T"C:\Users\Xande\Desktop\HMC Files\Junior\Spring\Clinic\Radio\cubeIDE_workspace\Prototype3_RadioTest\STM32L432KCUX_FLASH.ld" --specs=nosys.specs -Wl,-Map="Prototype3_RadioTest.map" -Wl,--gc-sections -static --specs=nano.specs -mfpu=fpv4-sp-d16 -mfloat-abi=hard -mthumb -Wl,--start-group -lc -lm -Wl,--end-group
Finished building target: Prototype3_RadioTest.elf
 
arm-none-eabi-size   Prototype3_RadioTest.elf 
arm-none-eabi-objdump -h -S  Prototype3_RadioTest.elf  > "Prototype3_RadioTest.list"
   text	   data	    bss	    dec	    hex	filename
   9656	     20	   1684	  11360	   2c60	Prototype3_RadioTest.elf
Finished building: default.size.stdout
 
Finished building: Prototype3_RadioTest.list
 
20:56:20 **** Incremental Build of configuration Debug for project Prototype3_RadioTest ****
make -j16 all 
arm-none-eabi-size   Prototype3_RadioTest.elf 
   text	   data	    bss	    dec	    hex	filename
   9656	     20	   1684	  11360	   2c60	Prototype3_RadioTest.elf
Finished building: default.size.stdout
 
20:58:55 **** Incremental Build of configuration Debug for project Prototype3_RadioTest ****
make -j16 all 
arm-none-eabi-gcc "../Core/Src/main.c" -mcpu=cortex-m4 -std=gnu11 -g3 -DDEBUG -DUSE_HAL_DRIVER -DSTM32L432xx -c -I../Core/Inc -I../Drivers/STM32L4xx_HAL_Driver/Inc -I../Drivers/STM32L4xx_HAL_Driver/Inc/Legacy -I../Drivers/CMSIS/Device/ST/STM32L4xx/Include -I../Drivers/CMSIS/Include -O0 -ffunction-sections -fdata-sections -Wall -fstack-usage -fcyclomatic-complexity -MMD -MP -MF"Core/Src/main.d" -MT"Core/Src/main.o" --specs=nano.specs -mfpu=fpv4-sp-d16 -mfloat-abi=hard -mthumb -o "Core/Src/main.o"
../Core/Src/main.c: In function 'main':
../Core/Src/main.c:100:11: warning: variable 'checkFIFO_Status' set but not used [-Wunused-but-set-variable]
  100 |   uint8_t checkFIFO_Status;
      |           ^~~~~~~~~~~~~~~~
../Core/Src/main.c:99:11: warning: variable 'checkStatus' set but not used [-Wunused-but-set-variable]
   99 |   uint8_t checkStatus;
      |           ^~~~~~~~~~~
arm-none-eabi-gcc -o "Prototype3_RadioTest.elf" @"objects.list"   -mcpu=cortex-m4 -T"C:\Users\Xande\Desktop\HMC Files\Junior\Spring\Clinic\Radio\cubeIDE_workspace\Prototype3_RadioTest\STM32L432KCUX_FLASH.ld" --specs=nosys.specs -Wl,-Map="Prototype3_RadioTest.map" -Wl,--gc-sections -static --specs=nano.specs -mfpu=fpv4-sp-d16 -mfloat-abi=hard -mthumb -Wl,--start-group -lc -lm -Wl,--end-group
Finished building target: Prototype3_RadioTest.elf
 
arm-none-eabi-size   Prototype3_RadioTest.elf 
arm-none-eabi-objdump -h -S  Prototype3_RadioTest.elf  > "Prototype3_RadioTest.list"
   text	   data	    bss	    dec	    hex	filename
   9668	     20	   1684	  11372	   2c6c	Prototype3_RadioTest.elf
Finished building: default.size.stdout
 
Finished building: Prototype3_RadioTest.list
 
20:59:45 **** Incremental Build of configuration Debug for project Prototype3_RadioTest ****
make -j16 all 
arm-none-eabi-size   Prototype3_RadioTest.elf 
   text	   data	    bss	    dec	    hex	filename
   9668	     20	   1684	  11372	   2c6c	Prototype3_RadioTest.elf
Finished building: default.size.stdout
 
12:27:25 **** Incremental Build of configuration Debug for project Prototype3_RadioTest ****
make -j16 all 
arm-none-eabi-gcc "../Core/Src/main.c" -mcpu=cortex-m4 -std=gnu11 -g3 -DDEBUG -DUSE_HAL_DRIVER -DSTM32L432xx -c -I../Core/Inc -I../Drivers/STM32L4xx_HAL_Driver/Inc -I../Drivers/STM32L4xx_HAL_Driver/Inc/Legacy -I../Drivers/CMSIS/Device/ST/STM32L4xx/Include -I../Drivers/CMSIS/Include -O0 -ffunction-sections -fdata-sections -Wall -fstack-usage -fcyclomatic-complexity -MMD -MP -MF"Core/Src/main.d" -MT"Core/Src/main.o" --specs=nano.specs -mfpu=fpv4-sp-d16 -mfloat-abi=hard -mthumb -o "Core/Src/main.o"
../Core/Src/main.c: In function 'main':
../Core/Src/main.c:102:3: warning: implicit declaration of function 'setupRXsimple'; did you mean 'setupTXsimple'? [-Wimplicit-function-declaration]
  102 |   setupRXsimple(); // Configure as a receiver
      |   ^~~~~~~~~~~~~
      |   setupTXsimple
../Core/Src/main.c:131:28: warning: implicit declaration of function 'receiveByte' [-Wimplicit-function-declaration]
  131 |     uint8_t receivedByte = receiveByte();
      |                            ^~~~~~~~~~~
../Core/Src/main.c:131:13: warning: unused variable 'receivedByte' [-Wunused-variable]
  131 |     uint8_t receivedByte = receiveByte();
      |             ^~~~~~~~~~~~
../Core/Src/main.c:100:11: warning: unused variable 'checkFIFO_Status' [-Wunused-variable]
  100 |   uint8_t checkFIFO_Status;
      |           ^~~~~~~~~~~~~~~~
../Core/Src/main.c: At top level:
../Core/Src/main.c:317:6: warning: conflicting types for 'setupRXsimple'
  317 | void setupRXsimple(void)
      |      ^~~~~~~~~~~~~
../Core/Src/main.c:102:3: note: previous implicit declaration of 'setupRXsimple' was here
  102 |   setupRXsimple(); // Configure as a receiver
      |   ^~~~~~~~~~~~~
../Core/Src/main.c: In function 'setupRXsimple':
../Core/Src/main.c:331:2: error: too few arguments to function 'spiWriteNByte'
  331 |  spiWriteNByte(REG_RX_ADDR_P0, Rx_0_Addr);
      |  ^~~~~~~~~~~~~
../Core/Src/main.c:277:6: note: declared here
  277 | void spiWriteNByte(uint8_t address, const uint8_t *buf, uint8_t len)
      |      ^~~~~~~~~~~~~
../Core/Src/main.c:332:2: error: too few arguments to function 'spiWriteNByte'
  332 |  spiWriteNByte(REG_RX_ADDR_P1, TxAddr);
      |  ^~~~~~~~~~~~~
../Core/Src/main.c:277:6: note: declared here
  277 | void spiWriteNByte(uint8_t address, const uint8_t *buf, uint8_t len)
      |      ^~~~~~~~~~~~~
../Core/Src/main.c: At top level:
../Core/Src/main.c:386:9: error: conflicting types for 'receiveByte'
  386 | uint8_t receiveByte()
      |         ^~~~~~~~~~~
../Core/Src/main.c:131:28: note: previous implicit declaration of 'receiveByte' was here
  131 |     uint8_t receivedByte = receiveByte();
      |                            ^~~~~~~~~~~
make: *** [Core/Src/subdir.mk:34: Core/Src/main.o] Error 1
"make -j16 all" terminated with exit code 2. Build might be incomplete.
12:28:31 **** Incremental Build of configuration Debug for project Prototype3_RadioTest ****
make -j16 all 
arm-none-eabi-gcc "../Core/Src/main.c" -mcpu=cortex-m4 -std=gnu11 -g3 -DDEBUG -DUSE_HAL_DRIVER -DSTM32L432xx -c -I../Core/Inc -I../Drivers/STM32L4xx_HAL_Driver/Inc -I../Drivers/STM32L4xx_HAL_Driver/Inc/Legacy -I../Drivers/CMSIS/Device/ST/STM32L4xx/Include -I../Drivers/CMSIS/Include -O0 -ffunction-sections -fdata-sections -Wall -fstack-usage -fcyclomatic-complexity -MMD -MP -MF"Core/Src/main.d" -MT"Core/Src/main.o" --specs=nano.specs -mfpu=fpv4-sp-d16 -mfloat-abi=hard -mthumb -o "Core/Src/main.o"
../Core/Src/main.c: In function 'main':
../Core/Src/main.c:133:13: warning: unused variable 'receivedByte' [-Wunused-variable]
  133 |     uint8_t receivedByte = receiveByte();
      |             ^~~~~~~~~~~~
../Core/Src/main.c:102:11: warning: unused variable 'checkFIFO_Status' [-Wunused-variable]
  102 |   uint8_t checkFIFO_Status;
      |           ^~~~~~~~~~~~~~~~
arm-none-eabi-gcc -o "Prototype3_RadioTest.elf" @"objects.list"   -mcpu=cortex-m4 -T"C:\Users\Xande\Desktop\HMC Files\Junior\Spring\Clinic\Radio\cubeIDE_workspace\Prototype3_RadioTest\STM32L432KCUX_FLASH.ld" --specs=nosys.specs -Wl,-Map="Prototype3_RadioTest.map" -Wl,--gc-sections -static --specs=nano.specs -mfpu=fpv4-sp-d16 -mfloat-abi=hard -mthumb -Wl,--start-group -lc -lm -Wl,--end-group
Finished building target: Prototype3_RadioTest.elf
 
arm-none-eabi-size   Prototype3_RadioTest.elf 
arm-none-eabi-objdump -h -S  Prototype3_RadioTest.elf  > "Prototype3_RadioTest.list"
   text	   data	    bss	    dec	    hex	filename
   9624	     20	   1684	  11328	   2c40	Prototype3_RadioTest.elf
Finished building: default.size.stdout
 
Finished building: Prototype3_RadioTest.list
 
12:33:46 **** Incremental Build of configuration Debug for project Prototype3_RadioTest ****
make -j16 all 
arm-none-eabi-size   Prototype3_RadioTest.elf 
   text	   data	    bss	    dec	    hex	filename
   9624	     20	   1684	  11328	   2c40	Prototype3_RadioTest.elf
Finished building: default.size.stdout
 
12:33:51 **** Incremental Build of configuration Debug for project Prototype3_RadioTest ****
make -j16 all 
arm-none-eabi-size   Prototype3_RadioTest.elf 
   text	   data	    bss	    dec	    hex	filename
   9624	     20	   1684	  11328	   2c40	Prototype3_RadioTest.elf
Finished building: default.size.stdout
 
12:36:14 **** Incremental Build of configuration Debug for project Prototype3_RadioTest ****
make -j16 all 
arm-none-eabi-gcc "../Core/Src/main.c" -mcpu=cortex-m4 -std=gnu11 -g3 -DDEBUG -DUSE_HAL_DRIVER -DSTM32L432xx -c -I../Core/Inc -I../Drivers/STM32L4xx_HAL_Driver/Inc -I../Drivers/STM32L4xx_HAL_Driver/Inc/Legacy -I../Drivers/CMSIS/Device/ST/STM32L4xx/Include -I../Drivers/CMSIS/Include -O0 -ffunction-sections -fdata-sections -Wall -fstack-usage -fcyclomatic-complexity -MMD -MP -MF"Core/Src/main.d" -MT"Core/Src/main.o" --specs=nano.specs -mfpu=fpv4-sp-d16 -mfloat-abi=hard -mthumb -o "Core/Src/main.o"
../Core/Src/main.c: In function 'main':
../Core/Src/main.c:103:11: warning: variable 'receivedByte' set but not used [-Wunused-but-set-variable]
  103 |   uint8_t receivedByte;
      |           ^~~~~~~~~~~~
../Core/Src/main.c:102:11: warning: unused variable 'checkFIFO_Status' [-Wunused-variable]
  102 |   uint8_t checkFIFO_Status;
      |           ^~~~~~~~~~~~~~~~
arm-none-eabi-gcc -o "Prototype3_RadioTest.elf" @"objects.list"   -mcpu=cortex-m4 -T"C:\Users\Xande\Desktop\HMC Files\Junior\Spring\Clinic\Radio\cubeIDE_workspace\Prototype3_RadioTest\STM32L432KCUX_FLASH.ld" --specs=nosys.specs -Wl,-Map="Prototype3_RadioTest.map" -Wl,--gc-sections -static --specs=nano.specs -mfpu=fpv4-sp-d16 -mfloat-abi=hard -mthumb -Wl,--start-group -lc -lm -Wl,--end-group
Finished building target: Prototype3_RadioTest.elf
 
arm-none-eabi-size   Prototype3_RadioTest.elf 
arm-none-eabi-objdump -h -S  Prototype3_RadioTest.elf  > "Prototype3_RadioTest.list"
   text	   data	    bss	    dec	    hex	filename
   9624	     20	   1684	  11328	   2c40	Prototype3_RadioTest.elf
Finished building: default.size.stdout
 
Finished building: Prototype3_RadioTest.list
 
12:39:18 **** Incremental Build of configuration Debug for project Prototype3_RadioTest ****
make -j16 all 
arm-none-eabi-gcc "../Core/Src/main.c" -mcpu=cortex-m4 -std=gnu11 -g3 -DDEBUG -DUSE_HAL_DRIVER -DSTM32L432xx -c -I../Core/Inc -I../Drivers/STM32L4xx_HAL_Driver/Inc -I../Drivers/STM32L4xx_HAL_Driver/Inc/Legacy -I../Drivers/CMSIS/Device/ST/STM32L4xx/Include -I../Drivers/CMSIS/Include -O0 -ffunction-sections -fdata-sections -Wall -fstack-usage -fcyclomatic-complexity -MMD -MP -MF"Core/Src/main.d" -MT"Core/Src/main.o" --specs=nano.specs -mfpu=fpv4-sp-d16 -mfloat-abi=hard -mthumb -o "Core/Src/main.o"
../Core/Src/main.c: In function 'main':
../Core/Src/main.c:103:11: warning: variable 'receivedByte' set but not used [-Wunused-but-set-variable]
  103 |   uint8_t receivedByte;
      |           ^~~~~~~~~~~~
../Core/Src/main.c:102:11: warning: unused variable 'checkFIFO_Status' [-Wunused-variable]
  102 |   uint8_t checkFIFO_Status;
      |           ^~~~~~~~~~~~~~~~
arm-none-eabi-gcc -o "Prototype3_RadioTest.elf" @"objects.list"   -mcpu=cortex-m4 -T"C:\Users\Xande\Desktop\HMC Files\Junior\Spring\Clinic\Radio\cubeIDE_workspace\Prototype3_RadioTest\STM32L432KCUX_FLASH.ld" --specs=nosys.specs -Wl,-Map="Prototype3_RadioTest.map" -Wl,--gc-sections -static --specs=nano.specs -mfpu=fpv4-sp-d16 -mfloat-abi=hard -mthumb -Wl,--start-group -lc -lm -Wl,--end-group
Finished building target: Prototype3_RadioTest.elf
 
arm-none-eabi-size   Prototype3_RadioTest.elf 
arm-none-eabi-objdump -h -S  Prototype3_RadioTest.elf  > "Prototype3_RadioTest.list"
   text	   data	    bss	    dec	    hex	filename
   9632	     20	   1684	  11336	   2c48	Prototype3_RadioTest.elf
Finished building: default.size.stdout
 
Finished building: Prototype3_RadioTest.list
 
16:52:34 **** Incremental Build of configuration Debug for project Prototype3_RadioTest ****
make -j16 all 
arm-none-eabi-gcc "../Core/Src/main.c" -mcpu=cortex-m4 -std=gnu11 -g3 -DDEBUG -DUSE_HAL_DRIVER -DSTM32L432xx -c -I../Core/Inc -I../Drivers/STM32L4xx_HAL_Driver/Inc -I../Drivers/STM32L4xx_HAL_Driver/Inc/Legacy -I../Drivers/CMSIS/Device/ST/STM32L4xx/Include -I../Drivers/CMSIS/Include -O0 -ffunction-sections -fdata-sections -Wall -fstack-usage -fcyclomatic-complexity -MMD -MP -MF"Core/Src/main.d" -MT"Core/Src/main.o" --specs=nano.specs -mfpu=fpv4-sp-d16 -mfloat-abi=hard -mthumb -o "Core/Src/main.o"
../Core/Src/main.c: In function 'main':
../Core/Src/main.c:104:11: warning: variable 'receivedByte' set but not used [-Wunused-but-set-variable]
  104 |   uint8_t receivedByte;
      |           ^~~~~~~~~~~~
../Core/Src/main.c:103:11: warning: unused variable 'checkFIFO_Status' [-Wunused-variable]
  103 |   uint8_t checkFIFO_Status;
      |           ^~~~~~~~~~~~~~~~
arm-none-eabi-gcc -o "Prototype3_RadioTest.elf" @"objects.list"   -mcpu=cortex-m4 -T"C:\Users\Xande\Desktop\HMC Files\Junior\Spring\Clinic\Radio\cubeIDE_workspace\Prototype3_RadioTest\STM32L432KCUX_FLASH.ld" --specs=nosys.specs -Wl,-Map="Prototype3_RadioTest.map" -Wl,--gc-sections -static --specs=nano.specs -mfpu=fpv4-sp-d16 -mfloat-abi=hard -mthumb -Wl,--start-group -lc -lm -Wl,--end-group
Finished building target: Prototype3_RadioTest.elf
 
arm-none-eabi-size   Prototype3_RadioTest.elf 
arm-none-eabi-objdump -h -S  Prototype3_RadioTest.elf  > "Prototype3_RadioTest.list"
   text	   data	    bss	    dec	    hex	filename
   9704	     20	   1684	  11408	   2c90	Prototype3_RadioTest.elf
Finished building: default.size.stdout
 
Finished building: Prototype3_RadioTest.list
 
16:55:28 **** Incremental Build of configuration Debug for project Prototype3_RadioTest ****
make -j16 all 
arm-none-eabi-size   Prototype3_RadioTest.elf 
   text	   data	    bss	    dec	    hex	filename
   9704	     20	   1684	  11408	   2c90	Prototype3_RadioTest.elf
Finished building: default.size.stdout
 
16:57:32 **** Incremental Build of configuration Debug for project Prototype3_RadioTest ****
make -j16 all 
arm-none-eabi-size   Prototype3_RadioTest.elf 
   text	   data	    bss	    dec	    hex	filename
   9704	     20	   1684	  11408	   2c90	Prototype3_RadioTest.elf
Finished building: default.size.stdout
 
16:59:02 **** Incremental Build of configuration Debug for project Prototype3_RadioTest ****
make -j16 all 
arm-none-eabi-gcc "../Core/Src/main.c" -mcpu=cortex-m4 -std=gnu11 -g3 -DDEBUG -DUSE_HAL_DRIVER -DSTM32L432xx -c -I../Core/Inc -I../Drivers/STM32L4xx_HAL_Driver/Inc -I../Drivers/STM32L4xx_HAL_Driver/Inc/Legacy -I../Drivers/CMSIS/Device/ST/STM32L4xx/Include -I../Drivers/CMSIS/Include -O0 -ffunction-sections -fdata-sections -Wall -fstack-usage -fcyclomatic-complexity -MMD -MP -MF"Core/Src/main.d" -MT"Core/Src/main.o" --specs=nano.specs -mfpu=fpv4-sp-d16 -mfloat-abi=hard -mthumb -o "Core/Src/main.o"
../Core/Src/main.c: In function 'main':
../Core/Src/main.c:104:11: warning: variable 'receivedByte' set but not used [-Wunused-but-set-variable]
  104 |   uint8_t receivedByte;
      |           ^~~~~~~~~~~~
../Core/Src/main.c:103:11: warning: unused variable 'checkFIFO_Status' [-Wunused-variable]
  103 |   uint8_t checkFIFO_Status;
      |           ^~~~~~~~~~~~~~~~
arm-none-eabi-gcc -o "Prototype3_RadioTest.elf" @"objects.list"   -mcpu=cortex-m4 -T"C:\Users\Xande\Desktop\HMC Files\Junior\Spring\Clinic\Radio\cubeIDE_workspace\Prototype3_RadioTest\STM32L432KCUX_FLASH.ld" --specs=nosys.specs -Wl,-Map="Prototype3_RadioTest.map" -Wl,--gc-sections -static --specs=nano.specs -mfpu=fpv4-sp-d16 -mfloat-abi=hard -mthumb -Wl,--start-group -lc -lm -Wl,--end-group
Finished building target: Prototype3_RadioTest.elf
 
arm-none-eabi-size   Prototype3_RadioTest.elf 
arm-none-eabi-objdump -h -S  Prototype3_RadioTest.elf  > "Prototype3_RadioTest.list"
   text	   data	    bss	    dec	    hex	filename
   9704	     20	   1684	  11408	   2c90	Prototype3_RadioTest.elf
Finished building: default.size.stdout
 
Finished building: Prototype3_RadioTest.list
 
17:12:04 **** Incremental Build of configuration Debug for project Prototype3_RadioTest ****
make -j16 all 
arm-none-eabi-gcc "../Core/Src/main.c" -mcpu=cortex-m4 -std=gnu11 -g3 -DDEBUG -DUSE_HAL_DRIVER -DSTM32L432xx -c -I../Core/Inc -I../Drivers/STM32L4xx_HAL_Driver/Inc -I../Drivers/STM32L4xx_HAL_Driver/Inc/Legacy -I../Drivers/CMSIS/Device/ST/STM32L4xx/Include -I../Drivers/CMSIS/Include -O0 -ffunction-sections -fdata-sections -Wall -fstack-usage -fcyclomatic-complexity -MMD -MP -MF"Core/Src/main.d" -MT"Core/Src/main.o" --specs=nano.specs -mfpu=fpv4-sp-d16 -mfloat-abi=hard -mthumb -o "Core/Src/main.o"
arm-none-eabi-gcc "../Core/Src/stm32l4xx_hal_msp.c" -mcpu=cortex-m4 -std=gnu11 -g3 -DDEBUG -DUSE_HAL_DRIVER -DSTM32L432xx -c -I../Core/Inc -I../Drivers/STM32L4xx_HAL_Driver/Inc -I../Drivers/STM32L4xx_HAL_Driver/Inc/Legacy -I../Drivers/CMSIS/Device/ST/STM32L4xx/Include -I../Drivers/CMSIS/Include -O0 -ffunction-sections -fdata-sections -Wall -fstack-usage -fcyclomatic-complexity -MMD -MP -MF"Core/Src/stm32l4xx_hal_msp.d" -MT"Core/Src/stm32l4xx_hal_msp.o" --specs=nano.specs -mfpu=fpv4-sp-d16 -mfloat-abi=hard -mthumb -o "Core/Src/stm32l4xx_hal_msp.o"
arm-none-eabi-gcc "../Core/Src/stm32l4xx_it.c" -mcpu=cortex-m4 -std=gnu11 -g3 -DDEBUG -DUSE_HAL_DRIVER -DSTM32L432xx -c -I../Core/Inc -I../Drivers/STM32L4xx_HAL_Driver/Inc -I../Drivers/STM32L4xx_HAL_Driver/Inc/Legacy -I../Drivers/CMSIS/Device/ST/STM32L4xx/Include -I../Drivers/CMSIS/Include -O0 -ffunction-sections -fdata-sections -Wall -fstack-usage -fcyclomatic-complexity -MMD -MP -MF"Core/Src/stm32l4xx_it.d" -MT"Core/Src/stm32l4xx_it.o" --specs=nano.specs -mfpu=fpv4-sp-d16 -mfloat-abi=hard -mthumb -o "Core/Src/stm32l4xx_it.o"
../Core/Src/main.c: In function 'main':
../Core/Src/main.c:130:11: warning: unused variable 'receivedByte' [-Wunused-variable]
  130 |   uint8_t receivedByte;
      |           ^~~~~~~~~~~~
../Core/Src/main.c:129:11: warning: variable 'checkFIFO_Status' set but not used [-Wunused-but-set-variable]
  129 |   uint8_t checkFIFO_Status;
      |           ^~~~~~~~~~~~~~~~
../Core/Src/main.c:128:11: warning: variable 'checkStatus' set but not used [-Wunused-but-set-variable]
  128 |   uint8_t checkStatus;
      |           ^~~~~~~~~~~
arm-none-eabi-gcc -o "Prototype3_RadioTest.elf" @"objects.list"   -mcpu=cortex-m4 -T"C:\Users\Xande\Desktop\HMC Files\Junior\Spring\Clinic\Radio\cubeIDE_workspace\Prototype3_RadioTest\STM32L432KCUX_FLASH.ld" --specs=nosys.specs -Wl,-Map="Prototype3_RadioTest.map" -Wl,--gc-sections -static --specs=nano.specs -mfpu=fpv4-sp-d16 -mfloat-abi=hard -mthumb -Wl,--start-group -lc -lm -Wl,--end-group
Finished building target: Prototype3_RadioTest.elf
 
arm-none-eabi-size   Prototype3_RadioTest.elf 
arm-none-eabi-objdump -h -S  Prototype3_RadioTest.elf  > "Prototype3_RadioTest.list"
   text	   data	    bss	    dec	    hex	filename
   9988	     20	   1788	  11796	   2e14	Prototype3_RadioTest.elf
Finished building: default.size.stdout
 
Finished building: Prototype3_RadioTest.list
 
17:12:11 **** Incremental Build of configuration Debug for project Prototype3_RadioTest ****
make -j16 all 
arm-none-eabi-size   Prototype3_RadioTest.elf 
   text	   data	    bss	    dec	    hex	filename
   9988	     20	   1788	  11796	   2e14	Prototype3_RadioTest.elf
Finished building: default.size.stdout
 
17:20:53 **** Incremental Build of configuration Debug for project Prototype3_RadioTest ****
make -j16 all 
arm-none-eabi-gcc "../Core/Src/main.c" -mcpu=cortex-m4 -std=gnu11 -g3 -DDEBUG -DUSE_HAL_DRIVER -DSTM32L432xx -c -I../Core/Inc -I../Drivers/STM32L4xx_HAL_Driver/Inc -I../Drivers/STM32L4xx_HAL_Driver/Inc/Legacy -I../Drivers/CMSIS/Device/ST/STM32L4xx/Include -I../Drivers/CMSIS/Include -O0 -ffunction-sections -fdata-sections -Wall -fstack-usage -fcyclomatic-complexity -MMD -MP -MF"Core/Src/main.d" -MT"Core/Src/main.o" --specs=nano.specs -mfpu=fpv4-sp-d16 -mfloat-abi=hard -mthumb -o "Core/Src/main.o"
../Core/Src/main.c: In function 'main':
../Core/Src/main.c:147:43: warning: unused variable 'zhigh' [-Wunused-variable]
  147 |   uint8_t xlow, xhigh, ylow, yhigh, zlow, zhigh = 0; // Acceleration values
      |                                           ^~~~~
../Core/Src/main.c:147:37: warning: unused variable 'zlow' [-Wunused-variable]
  147 |   uint8_t xlow, xhigh, ylow, yhigh, zlow, zhigh = 0; // Acceleration values
      |                                     ^~~~
../Core/Src/main.c:147:30: warning: unused variable 'yhigh' [-Wunused-variable]
  147 |   uint8_t xlow, xhigh, ylow, yhigh, zlow, zhigh = 0; // Acceleration values
      |                              ^~~~~
../Core/Src/main.c:147:24: warning: unused variable 'ylow' [-Wunused-variable]
  147 |   uint8_t xlow, xhigh, ylow, yhigh, zlow, zhigh = 0; // Acceleration values
      |                        ^~~~
../Core/Src/main.c:147:17: warning: unused variable 'xhigh' [-Wunused-variable]
  147 |   uint8_t xlow, xhigh, ylow, yhigh, zlow, zhigh = 0; // Acceleration values
      |                 ^~~~~
../Core/Src/main.c:147:11: warning: unused variable 'xlow' [-Wunused-variable]
  147 |   uint8_t xlow, xhigh, ylow, yhigh, zlow, zhigh = 0; // Acceleration values
      |           ^~~~
../Core/Src/main.c:138:11: warning: unused variable 'debug' [-Wunused-variable]
  138 |   uint8_t debug = accSpiReadByte(0x0F); // Should be 0x31 = 51
      |           ^~~~~
../Core/Src/main.c:130:11: warning: unused variable 'receivedByte' [-Wunused-variable]
  130 |   uint8_t receivedByte;
      |           ^~~~~~~~~~~~
../Core/Src/main.c:129:11: warning: variable 'checkFIFO_Status' set but not used [-Wunused-but-set-variable]
  129 |   uint8_t checkFIFO_Status;
      |           ^~~~~~~~~~~~~~~~
../Core/Src/main.c:128:11: warning: variable 'checkStatus' set but not used [-Wunused-but-set-variable]
  128 |   uint8_t checkStatus;
      |           ^~~~~~~~~~~
arm-none-eabi-gcc -o "Prototype3_RadioTest.elf" @"objects.list"   -mcpu=cortex-m4 -T"C:\Users\Xande\Desktop\HMC Files\Junior\Spring\Clinic\Radio\cubeIDE_workspace\Prototype3_RadioTest\STM32L432KCUX_FLASH.ld" --specs=nosys.specs -Wl,-Map="Prototype3_RadioTest.map" -Wl,--gc-sections -static --specs=nano.specs -mfpu=fpv4-sp-d16 -mfloat-abi=hard -mthumb -Wl,--start-group -lc -lm -Wl,--end-group
Finished building target: Prototype3_RadioTest.elf
 
arm-none-eabi-size   Prototype3_RadioTest.elf 
arm-none-eabi-objdump -h -S  Prototype3_RadioTest.elf  > "Prototype3_RadioTest.list"
   text	   data	    bss	    dec	    hex	filename
  10252	     24	   1800	  12076	   2f2c	Prototype3_RadioTest.elf
Finished building: default.size.stdout
 
Finished building: Prototype3_RadioTest.list
 
17:21:12 **** Incremental Build of configuration Debug for project Prototype3_RadioTest ****
make -j16 all 
arm-none-eabi-size   Prototype3_RadioTest.elf 
   text	   data	    bss	    dec	    hex	filename
  10252	     24	   1800	  12076	   2f2c	Prototype3_RadioTest.elf
Finished building: default.size.stdout
 
17:24:43 **** Incremental Build of configuration Debug for project Prototype3_RadioTest ****
make -j16 all 
arm-none-eabi-gcc "../Core/Src/main.c" -mcpu=cortex-m4 -std=gnu11 -g3 -DDEBUG -DUSE_HAL_DRIVER -DSTM32L432xx -c -I../Core/Inc -I../Drivers/STM32L4xx_HAL_Driver/Inc -I../Drivers/STM32L4xx_HAL_Driver/Inc/Legacy -I../Drivers/CMSIS/Device/ST/STM32L4xx/Include -I../Drivers/CMSIS/Include -O0 -ffunction-sections -fdata-sections -Wall -fstack-usage -fcyclomatic-complexity -MMD -MP -MF"Core/Src/main.d" -MT"Core/Src/main.o" --specs=nano.specs -mfpu=fpv4-sp-d16 -mfloat-abi=hard -mthumb -o "Core/Src/main.o"
../Core/Src/main.c: In function 'main':
../Core/Src/main.c:148:43: warning: unused variable 'zhigh' [-Wunused-variable]
  148 |   uint8_t xlow, xhigh, ylow, yhigh, zlow, zhigh = 0; // Acceleration values
      |                                           ^~~~~
../Core/Src/main.c:148:37: warning: unused variable 'zlow' [-Wunused-variable]
  148 |   uint8_t xlow, xhigh, ylow, yhigh, zlow, zhigh = 0; // Acceleration values
      |                                     ^~~~
../Core/Src/main.c:148:30: warning: unused variable 'yhigh' [-Wunused-variable]
  148 |   uint8_t xlow, xhigh, ylow, yhigh, zlow, zhigh = 0; // Acceleration values
      |                              ^~~~~
../Core/Src/main.c:148:24: warning: unused variable 'ylow' [-Wunused-variable]
  148 |   uint8_t xlow, xhigh, ylow, yhigh, zlow, zhigh = 0; // Acceleration values
      |                        ^~~~
../Core/Src/main.c:148:17: warning: unused variable 'xhigh' [-Wunused-variable]
  148 |   uint8_t xlow, xhigh, ylow, yhigh, zlow, zhigh = 0; // Acceleration values
      |                 ^~~~~
../Core/Src/main.c:148:11: warning: unused variable 'xlow' [-Wunused-variable]
  148 |   uint8_t xlow, xhigh, ylow, yhigh, zlow, zhigh = 0; // Acceleration values
      |           ^~~~
../Core/Src/main.c:139:11: warning: unused variable 'debug' [-Wunused-variable]
  139 |   uint8_t debug = accSpiReadByte(0x0F); // Should be 0x31 = 51
      |           ^~~~~
../Core/Src/main.c:130:11: warning: unused variable 'receivedByte' [-Wunused-variable]
  130 |   uint8_t receivedByte;
      |           ^~~~~~~~~~~~
../Core/Src/main.c:129:11: warning: variable 'checkFIFO_Status' set but not used [-Wunused-but-set-variable]
  129 |   uint8_t checkFIFO_Status;
      |           ^~~~~~~~~~~~~~~~
../Core/Src/main.c:128:11: warning: variable 'checkStatus' set but not used [-Wunused-but-set-variable]
  128 |   uint8_t checkStatus;
      |           ^~~~~~~~~~~
arm-none-eabi-gcc -o "Prototype3_RadioTest.elf" @"objects.list"   -mcpu=cortex-m4 -T"C:\Users\Xande\Desktop\HMC Files\Junior\Spring\Clinic\Radio\cubeIDE_workspace\Prototype3_RadioTest\STM32L432KCUX_FLASH.ld" --specs=nosys.specs -Wl,-Map="Prototype3_RadioTest.map" -Wl,--gc-sections -static --specs=nano.specs -mfpu=fpv4-sp-d16 -mfloat-abi=hard -mthumb -Wl,--start-group -lc -lm -Wl,--end-group
Finished building target: Prototype3_RadioTest.elf
 
arm-none-eabi-size   Prototype3_RadioTest.elf 
arm-none-eabi-objdump -h -S  Prototype3_RadioTest.elf  > "Prototype3_RadioTest.list"
   text	   data	    bss	    dec	    hex	filename
  10252	     24	   1800	  12076	   2f2c	Prototype3_RadioTest.elf
Finished building: default.size.stdout
 
Finished building: Prototype3_RadioTest.list
 
17:24:52 **** Incremental Build of configuration Debug for project Prototype3_RadioTest ****
make -j16 all 
arm-none-eabi-size   Prototype3_RadioTest.elf 
   text	   data	    bss	    dec	    hex	filename
  10252	     24	   1800	  12076	   2f2c	Prototype3_RadioTest.elf
Finished building: default.size.stdout
 
17:31:17 **** Incremental Build of configuration Debug for project Prototype3_RadioTest ****
make -j16 all 
arm-none-eabi-gcc "../Core/Src/main.c" -mcpu=cortex-m4 -std=gnu11 -g3 -DDEBUG -DUSE_HAL_DRIVER -DSTM32L432xx -c -I../Core/Inc -I../Drivers/STM32L4xx_HAL_Driver/Inc -I../Drivers/STM32L4xx_HAL_Driver/Inc/Legacy -I../Drivers/CMSIS/Device/ST/STM32L4xx/Include -I../Drivers/CMSIS/Include -O0 -ffunction-sections -fdata-sections -Wall -fstack-usage -fcyclomatic-complexity -MMD -MP -MF"Core/Src/main.d" -MT"Core/Src/main.o" --specs=nano.specs -mfpu=fpv4-sp-d16 -mfloat-abi=hard -mthumb -o "Core/Src/main.o"
../Core/Src/main.c: In function 'main':
../Core/Src/main.c:150:43: warning: unused variable 'zhigh' [-Wunused-variable]
  150 |   uint8_t xlow, xhigh, ylow, yhigh, zlow, zhigh = 0; // Acceleration values
      |                                           ^~~~~
../Core/Src/main.c:150:37: warning: unused variable 'zlow' [-Wunused-variable]
  150 |   uint8_t xlow, xhigh, ylow, yhigh, zlow, zhigh = 0; // Acceleration values
      |                                     ^~~~
../Core/Src/main.c:150:30: warning: unused variable 'yhigh' [-Wunused-variable]
  150 |   uint8_t xlow, xhigh, ylow, yhigh, zlow, zhigh = 0; // Acceleration values
      |                              ^~~~~
../Core/Src/main.c:150:24: warning: unused variable 'ylow' [-Wunused-variable]
  150 |   uint8_t xlow, xhigh, ylow, yhigh, zlow, zhigh = 0; // Acceleration values
      |                        ^~~~
../Core/Src/main.c:150:17: warning: unused variable 'xhigh' [-Wunused-variable]
  150 |   uint8_t xlow, xhigh, ylow, yhigh, zlow, zhigh = 0; // Acceleration values
      |                 ^~~~~
../Core/Src/main.c:150:11: warning: unused variable 'xlow' [-Wunused-variable]
  150 |   uint8_t xlow, xhigh, ylow, yhigh, zlow, zhigh = 0; // Acceleration values
      |           ^~~~
../Core/Src/main.c:139:11: warning: variable 'debug' set but not used [-Wunused-but-set-variable]
  139 |   uint8_t debug = accSpiReadByte(0x0F); // Should be 0x31 = 51
      |           ^~~~~
../Core/Src/main.c:130:11: warning: unused variable 'receivedByte' [-Wunused-variable]
  130 |   uint8_t receivedByte;
      |           ^~~~~~~~~~~~
../Core/Src/main.c:129:11: warning: variable 'checkFIFO_Status' set but not used [-Wunused-but-set-variable]
  129 |   uint8_t checkFIFO_Status;
      |           ^~~~~~~~~~~~~~~~
../Core/Src/main.c:128:11: warning: variable 'checkStatus' set but not used [-Wunused-but-set-variable]
  128 |   uint8_t checkStatus;
      |           ^~~~~~~~~~~
arm-none-eabi-gcc -o "Prototype3_RadioTest.elf" @"objects.list"   -mcpu=cortex-m4 -T"C:\Users\Xande\Desktop\HMC Files\Junior\Spring\Clinic\Radio\cubeIDE_workspace\Prototype3_RadioTest\STM32L432KCUX_FLASH.ld" --specs=nosys.specs -Wl,-Map="Prototype3_RadioTest.map" -Wl,--gc-sections -static --specs=nano.specs -mfpu=fpv4-sp-d16 -mfloat-abi=hard -mthumb -Wl,--start-group -lc -lm -Wl,--end-group
Finished building target: Prototype3_RadioTest.elf
 
arm-none-eabi-size   Prototype3_RadioTest.elf 
arm-none-eabi-objdump -h -S  Prototype3_RadioTest.elf  > "Prototype3_RadioTest.list"
   text	   data	    bss	    dec	    hex	filename
  10272	     24	   1800	  12096	   2f40	Prototype3_RadioTest.elf
Finished building: default.size.stdout
 
Finished building: Prototype3_RadioTest.list
 
14:44:59 **** Build of configuration Debug for project Prototype3_RadioTest ****
make -j16 all 
arm-none-eabi-gcc "../Core/Src/main.c" -mcpu=cortex-m4 -std=gnu11 -g3 -DDEBUG -DUSE_HAL_DRIVER -DSTM32L432xx -c -I../Core/Inc -I../Drivers/STM32L4xx_HAL_Driver/Inc -I../Drivers/STM32L4xx_HAL_Driver/Inc/Legacy -I../Drivers/CMSIS/Device/ST/STM32L4xx/Include -I../Drivers/CMSIS/Include -O0 -ffunction-sections -fdata-sections -Wall -fstack-usage -fcyclomatic-complexity -MMD -MP -MF"Core/Src/main.d" -MT"Core/Src/main.o" --specs=nano.specs -mfpu=fpv4-sp-d16 -mfloat-abi=hard -mthumb -o "Core/Src/main.o"
../Core/Src/main.c: In function 'main':
../Core/Src/main.c:175:2: warning: implicit declaration of function 'transmitBytes'; did you mean 'transmitByte'? [-Wimplicit-function-declaration]
  175 |  transmitBytes(accBuffer, 6);
      |  ^~~~~~~~~~~~~
      |  transmitByte
../Core/Src/main.c:150:43: warning: unused variable 'zhigh' [-Wunused-variable]
  150 |   uint8_t xlow, xhigh, ylow, yhigh, zlow, zhigh = 0; // Acceleration values
      |                                           ^~~~~
../Core/Src/main.c:150:37: warning: unused variable 'zlow' [-Wunused-variable]
  150 |   uint8_t xlow, xhigh, ylow, yhigh, zlow, zhigh = 0; // Acceleration values
      |                                     ^~~~
../Core/Src/main.c:150:30: warning: unused variable 'yhigh' [-Wunused-variable]
  150 |   uint8_t xlow, xhigh, ylow, yhigh, zlow, zhigh = 0; // Acceleration values
      |                              ^~~~~
../Core/Src/main.c:150:24: warning: unused variable 'ylow' [-Wunused-variable]
  150 |   uint8_t xlow, xhigh, ylow, yhigh, zlow, zhigh = 0; // Acceleration values
      |                        ^~~~
../Core/Src/main.c:150:17: warning: unused variable 'xhigh' [-Wunused-variable]
  150 |   uint8_t xlow, xhigh, ylow, yhigh, zlow, zhigh = 0; // Acceleration values
      |                 ^~~~~
../Core/Src/main.c:150:11: warning: unused variable 'xlow' [-Wunused-variable]
  150 |   uint8_t xlow, xhigh, ylow, yhigh, zlow, zhigh = 0; // Acceleration values
      |           ^~~~
../Core/Src/main.c:139:11: warning: variable 'debug' set but not used [-Wunused-but-set-variable]
  139 |   uint8_t debug = accSpiReadByte(0x0F); // Should be 0x31 = 51
      |           ^~~~~
../Core/Src/main.c:130:11: warning: unused variable 'receivedByte' [-Wunused-variable]
  130 |   uint8_t receivedByte;
      |           ^~~~~~~~~~~~
../Core/Src/main.c:129:11: warning: unused variable 'checkFIFO_Status' [-Wunused-variable]
  129 |   uint8_t checkFIFO_Status;
      |           ^~~~~~~~~~~~~~~~
../Core/Src/main.c:128:11: warning: variable 'checkStatus' set but not used [-Wunused-but-set-variable]
  128 |   uint8_t checkStatus;
      |           ^~~~~~~~~~~
../Core/Src/main.c: At top level:
../Core/Src/main.c:508:6: warning: conflicting types for 'transmitBytes'
  508 | void transmitBytes(uint8_t* txdata, uint8_t len)
      |      ^~~~~~~~~~~~~
../Core/Src/main.c:175:2: note: previous implicit declaration of 'transmitBytes' was here
  175 |  transmitBytes(accBuffer, 6);
      |  ^~~~~~~~~~~~~
arm-none-eabi-gcc -o "Prototype3_RadioTest.elf" @"objects.list"   -mcpu=cortex-m4 -T"C:\Users\Xande\Desktop\HMC Files\Junior\Spring\Clinic\Radio\cubeIDE_workspace\Prototype3_RadioTest\STM32L432KCUX_FLASH.ld" --specs=nosys.specs -Wl,-Map="Prototype3_RadioTest.map" -Wl,--gc-sections -static --specs=nano.specs -mfpu=fpv4-sp-d16 -mfloat-abi=hard -mthumb -Wl,--start-group -lc -lm -Wl,--end-group
Finished building target: Prototype3_RadioTest.elf
 
arm-none-eabi-size   Prototype3_RadioTest.elf 
arm-none-eabi-objdump -h -S  Prototype3_RadioTest.elf  > "Prototype3_RadioTest.list"
   text	   data	    bss	    dec	    hex	filename
  10212	     24	   1800	  12036	   2f04	Prototype3_RadioTest.elf
Finished building: default.size.stdout
 
Finished building: Prototype3_RadioTest.list
 
14:45:38 **** Incremental Build of configuration Debug for project Prototype3_RadioTest ****
make -j16 all 
arm-none-eabi-gcc "../Core/Src/main.c" -mcpu=cortex-m4 -std=gnu11 -g3 -DDEBUG -DUSE_HAL_DRIVER -DSTM32L432xx -c -I../Core/Inc -I../Drivers/STM32L4xx_HAL_Driver/Inc -I../Drivers/STM32L4xx_HAL_Driver/Inc/Legacy -I../Drivers/CMSIS/Device/ST/STM32L4xx/Include -I../Drivers/CMSIS/Include -O0 -ffunction-sections -fdata-sections -Wall -fstack-usage -fcyclomatic-complexity -MMD -MP -MF"Core/Src/main.d" -MT"Core/Src/main.o" --specs=nano.specs -mfpu=fpv4-sp-d16 -mfloat-abi=hard -mthumb -o "Core/Src/main.o"
../Core/Src/main.c: In function 'main':
../Core/Src/main.c:151:43: warning: unused variable 'zhigh' [-Wunused-variable]
  151 |   uint8_t xlow, xhigh, ylow, yhigh, zlow, zhigh = 0; // Acceleration values
      |                                           ^~~~~
../Core/Src/main.c:151:37: warning: unused variable 'zlow' [-Wunused-variable]
  151 |   uint8_t xlow, xhigh, ylow, yhigh, zlow, zhigh = 0; // Acceleration values
      |                                     ^~~~
../Core/Src/main.c:151:30: warning: unused variable 'yhigh' [-Wunused-variable]
  151 |   uint8_t xlow, xhigh, ylow, yhigh, zlow, zhigh = 0; // Acceleration values
      |                              ^~~~~
../Core/Src/main.c:151:24: warning: unused variable 'ylow' [-Wunused-variable]
  151 |   uint8_t xlow, xhigh, ylow, yhigh, zlow, zhigh = 0; // Acceleration values
      |                        ^~~~
../Core/Src/main.c:151:17: warning: unused variable 'xhigh' [-Wunused-variable]
  151 |   uint8_t xlow, xhigh, ylow, yhigh, zlow, zhigh = 0; // Acceleration values
      |                 ^~~~~
../Core/Src/main.c:151:11: warning: unused variable 'xlow' [-Wunused-variable]
  151 |   uint8_t xlow, xhigh, ylow, yhigh, zlow, zhigh = 0; // Acceleration values
      |           ^~~~
../Core/Src/main.c:140:11: warning: variable 'debug' set but not used [-Wunused-but-set-variable]
  140 |   uint8_t debug = accSpiReadByte(0x0F); // Should be 0x31 = 51
      |           ^~~~~
../Core/Src/main.c:131:11: warning: unused variable 'receivedByte' [-Wunused-variable]
  131 |   uint8_t receivedByte;
      |           ^~~~~~~~~~~~
../Core/Src/main.c:130:11: warning: unused variable 'checkFIFO_Status' [-Wunused-variable]
  130 |   uint8_t checkFIFO_Status;
      |           ^~~~~~~~~~~~~~~~
../Core/Src/main.c:129:11: warning: variable 'checkStatus' set but not used [-Wunused-but-set-variable]
  129 |   uint8_t checkStatus;
      |           ^~~~~~~~~~~
arm-none-eabi-gcc -o "Prototype3_RadioTest.elf" @"objects.list"   -mcpu=cortex-m4 -T"C:\Users\Xande\Desktop\HMC Files\Junior\Spring\Clinic\Radio\cubeIDE_workspace\Prototype3_RadioTest\STM32L432KCUX_FLASH.ld" --specs=nosys.specs -Wl,-Map="Prototype3_RadioTest.map" -Wl,--gc-sections -static --specs=nano.specs -mfpu=fpv4-sp-d16 -mfloat-abi=hard -mthumb -Wl,--start-group -lc -lm -Wl,--end-group
Finished building target: Prototype3_RadioTest.elf
 
arm-none-eabi-size   Prototype3_RadioTest.elf 
arm-none-eabi-objdump -h -S  Prototype3_RadioTest.elf  > "Prototype3_RadioTest.list"
   text	   data	    bss	    dec	    hex	filename
  10212	     24	   1800	  12036	   2f04	Prototype3_RadioTest.elf
Finished building: default.size.stdout
 
Finished building: Prototype3_RadioTest.list
 
14:46:06 **** Incremental Build of configuration Debug for project Prototype3_RadioTest ****
make -j16 all 
arm-none-eabi-gcc "../Core/Src/main.c" -mcpu=cortex-m4 -std=gnu11 -g3 -DDEBUG -DUSE_HAL_DRIVER -DSTM32L432xx -c -I../Core/Inc -I../Drivers/STM32L4xx_HAL_Driver/Inc -I../Drivers/STM32L4xx_HAL_Driver/Inc/Legacy -I../Drivers/CMSIS/Device/ST/STM32L4xx/Include -I../Drivers/CMSIS/Include -O0 -ffunction-sections -fdata-sections -Wall -fstack-usage -fcyclomatic-complexity -MMD -MP -MF"Core/Src/main.d" -MT"Core/Src/main.o" --specs=nano.specs -mfpu=fpv4-sp-d16 -mfloat-abi=hard -mthumb -o "Core/Src/main.o"
../Core/Src/main.c: In function 'main':
../Core/Src/main.c:177:2: error: 'checkStatus' undeclared (first use in this function)
  177 |  checkStatus = spiReadByte(REG_STATUS); // Expect x2E
      |  ^~~~~~~~~~~
../Core/Src/main.c:177:2: note: each undeclared identifier is reported only once for each function it appears in
../Core/Src/main.c:140:11: warning: variable 'debug' set but not used [-Wunused-but-set-variable]
  140 |   uint8_t debug = accSpiReadByte(0x0F); // Should be 0x31 = 51
      |           ^~~~~
make: *** [Core/Src/subdir.mk:34: Core/Src/main.o] Error 1
"make -j16 all" terminated with exit code 2. Build might be incomplete.
14:46:23 **** Incremental Build of configuration Debug for project Prototype3_RadioTest ****
make -j16 all 
arm-none-eabi-gcc "../Core/Src/main.c" -mcpu=cortex-m4 -std=gnu11 -g3 -DDEBUG -DUSE_HAL_DRIVER -DSTM32L432xx -c -I../Core/Inc -I../Drivers/STM32L4xx_HAL_Driver/Inc -I../Drivers/STM32L4xx_HAL_Driver/Inc/Legacy -I../Drivers/CMSIS/Device/ST/STM32L4xx/Include -I../Drivers/CMSIS/Include -O0 -ffunction-sections -fdata-sections -Wall -fstack-usage -fcyclomatic-complexity -MMD -MP -MF"Core/Src/main.d" -MT"Core/Src/main.o" --specs=nano.specs -mfpu=fpv4-sp-d16 -mfloat-abi=hard -mthumb -o "Core/Src/main.o"
../Core/Src/main.c: In function 'main':
../Core/Src/main.c:140:11: warning: variable 'debug' set but not used [-Wunused-but-set-variable]
  140 |   uint8_t debug = accSpiReadByte(0x0F); // Should be 0x31 = 51
      |           ^~~~~
arm-none-eabi-gcc -o "Prototype3_RadioTest.elf" @"objects.list"   -mcpu=cortex-m4 -T"C:\Users\Xande\Desktop\HMC Files\Junior\Spring\Clinic\Radio\cubeIDE_workspace\Prototype3_RadioTest\STM32L432KCUX_FLASH.ld" --specs=nosys.specs -Wl,-Map="Prototype3_RadioTest.map" -Wl,--gc-sections -static --specs=nano.specs -mfpu=fpv4-sp-d16 -mfloat-abi=hard -mthumb -Wl,--start-group -lc -lm -Wl,--end-group
Finished building target: Prototype3_RadioTest.elf
 
arm-none-eabi-size   Prototype3_RadioTest.elf 
arm-none-eabi-objdump -h -S  Prototype3_RadioTest.elf  > "Prototype3_RadioTest.list"
   text	   data	    bss	    dec	    hex	filename
  10108	     24	   1800	  11932	   2e9c	Prototype3_RadioTest.elf
Finished building: default.size.stdout
 
Finished building: Prototype3_RadioTest.list
 
09:20:51 **** Incremental Build of configuration Debug for project Prototype3_RadioTest ****
make -j16 all 
arm-none-eabi-size   Prototype3_RadioTest.elf 
   text	   data	    bss	    dec	    hex	filename
  10108	     24	   1800	  11932	   2e9c	Prototype3_RadioTest.elf
Finished building: default.size.stdout
 
09:21:48 **** Incremental Build of configuration Debug for project Prototype3_RadioTest ****
make -j16 all 
arm-none-eabi-size   Prototype3_RadioTest.elf 
   text	   data	    bss	    dec	    hex	filename
  10108	     24	   1800	  11932	   2e9c	Prototype3_RadioTest.elf
Finished building: default.size.stdout
 
09:26:36 **** Incremental Build of configuration Debug for project Prototype3_RadioTest ****
make -j16 all 
arm-none-eabi-size   Prototype3_RadioTest.elf 
   text	   data	    bss	    dec	    hex	filename
  10108	     24	   1800	  11932	   2e9c	Prototype3_RadioTest.elf
Finished building: default.size.stdout
 
09:27:17 **** Incremental Build of configuration Debug for project Prototype3_RadioTest ****
make -j16 all 
arm-none-eabi-size   Prototype3_RadioTest.elf 
   text	   data	    bss	    dec	    hex	filename
  10108	     24	   1800	  11932	   2e9c	Prototype3_RadioTest.elf
Finished building: default.size.stdout
 
09:40:08 **** Incremental Build of configuration Debug for project Prototype3_RadioTest ****
make -j16 all 
arm-none-eabi-gcc "../Core/Src/main.c" -mcpu=cortex-m4 -std=gnu11 -g3 -DDEBUG -DUSE_HAL_DRIVER -DSTM32L432xx -c -I../Core/Inc -I../Drivers/STM32L4xx_HAL_Driver/Inc -I../Drivers/STM32L4xx_HAL_Driver/Inc/Legacy -I../Drivers/CMSIS/Device/ST/STM32L4xx/Include -I../Drivers/CMSIS/Include -O0 -ffunction-sections -fdata-sections -Wall -fstack-usage -fcyclomatic-complexity -MMD -MP -MF"Core/Src/main.d" -MT"Core/Src/main.o" --specs=nano.specs -mfpu=fpv4-sp-d16 -mfloat-abi=hard -mthumb -o "Core/Src/main.o"
../Core/Src/main.c: In function 'main':
../Core/Src/main.c:139:11: warning: variable 'debug' set but not used [-Wunused-but-set-variable]
  139 |   uint8_t debug = accSpiReadByte(0x0F); // Should be 0x31 = 51
      |           ^~~~~
../Core/Src/main.c:129:24: warning: variable 'checkFIFO_Status' set but not used [-Wunused-but-set-variable]
  129 |   uint8_t checkStatus, checkFIFO_Status;
      |                        ^~~~~~~~~~~~~~~~
../Core/Src/main.c:129:11: warning: variable 'checkStatus' set but not used [-Wunused-but-set-variable]
  129 |   uint8_t checkStatus, checkFIFO_Status;
      |           ^~~~~~~~~~~
arm-none-eabi-gcc -o "Prototype3_RadioTest.elf" @"objects.list"   -mcpu=cortex-m4 -T"C:\Users\Xande\Desktop\HMC Files\Junior\Spring\Clinic\Radio\cubeIDE_workspace\Prototype3_RadioTest\STM32L432KCUX_FLASH.ld" --specs=nosys.specs -Wl,-Map="Prototype3_RadioTest.map" -Wl,--gc-sections -static --specs=nano.specs -mfpu=fpv4-sp-d16 -mfloat-abi=hard -mthumb -Wl,--start-group -lc -lm -Wl,--end-group
Finished building target: Prototype3_RadioTest.elf
 
arm-none-eabi-size   Prototype3_RadioTest.elf 
arm-none-eabi-objdump -h -S  Prototype3_RadioTest.elf  > "Prototype3_RadioTest.list"
   text	   data	    bss	    dec	    hex	filename
  10316	     24	   1800	  12140	   2f6c	Prototype3_RadioTest.elf
Finished building: default.size.stdout
 
Finished building: Prototype3_RadioTest.list
 
09:40:22 **** Incremental Build of configuration Debug for project Prototype3_RadioTest ****
make -j16 all 
arm-none-eabi-size   Prototype3_RadioTest.elf 
   text	   data	    bss	    dec	    hex	filename
  10316	     24	   1800	  12140	   2f6c	Prototype3_RadioTest.elf
Finished building: default.size.stdout
 
09:46:31 **** Incremental Build of configuration Debug for project Prototype3_RadioTest ****
make -j16 all 
arm-none-eabi-size   Prototype3_RadioTest.elf 
   text	   data	    bss	    dec	    hex	filename
  10316	     24	   1800	  12140	   2f6c	Prototype3_RadioTest.elf
Finished building: default.size.stdout
 
09:46:55 **** Incremental Build of configuration Debug for project Prototype3_RadioTest ****
make -j16 all 
arm-none-eabi-size   Prototype3_RadioTest.elf 
   text	   data	    bss	    dec	    hex	filename
  10316	     24	   1800	  12140	   2f6c	Prototype3_RadioTest.elf
Finished building: default.size.stdout
 
09:47:36 **** Incremental Build of configuration Debug for project Prototype3_RadioTest ****
make -j16 all 
arm-none-eabi-size   Prototype3_RadioTest.elf 
   text	   data	    bss	    dec	    hex	filename
  10316	     24	   1800	  12140	   2f6c	Prototype3_RadioTest.elf
Finished building: default.size.stdout
 
20:09:25 **** Incremental Build of configuration Debug for project Prototype3_RadioTest ****
make -j16 all 
arm-none-eabi-gcc "../Core/Src/main.c" -mcpu=cortex-m4 -std=gnu11 -g3 -DDEBUG -DUSE_HAL_DRIVER -DSTM32L432xx -c -I../Core/Inc -I../Drivers/STM32L4xx_HAL_Driver/Inc -I../Drivers/STM32L4xx_HAL_Driver/Inc/Legacy -I../Drivers/CMSIS/Device/ST/STM32L4xx/Include -I../Drivers/CMSIS/Include -O0 -ffunction-sections -fdata-sections -Wall -fstack-usage -fcyclomatic-complexity -MMD -MP -MF"Core/Src/main.d" -MT"Core/Src/main.o" --specs=nano.specs -mfpu=fpv4-sp-d16 -mfloat-abi=hard -mthumb -o "Core/Src/main.o"
../Core/Src/main.c: In function 'main':
../Core/Src/main.c:139:11: warning: variable 'debug' set but not used [-Wunused-but-set-variable]
  139 |   uint8_t debug = accSpiReadByte(0x0F); // Should be 0x31 = 51
      |           ^~~~~
../Core/Src/main.c:129:24: warning: variable 'checkFIFO_Status' set but not used [-Wunused-but-set-variable]
  129 |   uint8_t checkStatus, checkFIFO_Status;
      |                        ^~~~~~~~~~~~~~~~
[...]
      |                        ^~~~
../Core/Src/main.c:157:25: warning: unsigned conversion from 'int' to 'uint8_t' {aka 'unsigned char'} changes value from '1100' to '76' [-Woverflow]
  157 |   uint8_t resetThresh = 1100; // Use a different reset threshold for hysteresis
      |                         ^~~~
../Core/Src/main.c:139:11: warning: variable 'debug' set but not used [-Wunused-but-set-variable]
  139 |   uint8_t debug = accSpiReadByte(0x0F); // Should be 0x31 = 51
      |           ^~~~~
../Core/Src/main.c:129:24: warning: variable 'checkFIFO_Status' set but not used [-Wunused-but-set-variable]
  129 |   uint8_t checkStatus, checkFIFO_Status;
      |                        ^~~~~~~~~~~~~~~~
../Core/Src/main.c:129:11: warning: variable 'checkStatus' set but not used [-Wunused-but-set-variable]
  129 |   uint8_t checkStatus, checkFIFO_Status;
      |           ^~~~~~~~~~~
arm-none-eabi-gcc -o "Prototype3_RadioTest.elf" @"objects.list"   -mcpu=cortex-m4 -T"C:\Users\Xande\Desktop\HMC Files\Junior\Spring\Clinic\Radio\cubeIDE_workspace\Prototype3_RadioTest\STM32L432KCUX_FLASH.ld" --specs=nosys.specs -Wl,-Map="Prototype3_RadioTest.map" -Wl,--gc-sections -static --specs=nano.specs -mfpu=fpv4-sp-d16 -mfloat-abi=hard -mthumb -Wl,--start-group -lc -lm -Wl,--end-group
Finished building target: Prototype3_RadioTest.elf
 
arm-none-eabi-size   Prototype3_RadioTest.elf 
arm-none-eabi-objdump -h -S  Prototype3_RadioTest.elf  > "Prototype3_RadioTest.list"
   text	   data	    bss	    dec	    hex	filename
  10564	     24	   1800	  12388	   3064	Prototype3_RadioTest.elf
Finished building: default.size.stdout
 
Finished building: Prototype3_RadioTest.list
 
20:55:19 **** Incremental Build of configuration Debug for project Prototype3_RadioTest ****
make -j16 all 
arm-none-eabi-gcc "../Core/Src/main.c" -mcpu=cortex-m4 -std=gnu11 -g3 -DDEBUG -DUSE_HAL_DRIVER -DSTM32L432xx -c -I../Core/Inc -I../Drivers/STM32L4xx_HAL_Driver/Inc -I../Drivers/STM32L4xx_HAL_Driver/Inc/Legacy -I../Drivers/CMSIS/Device/ST/STM32L4xx/Include -I../Drivers/CMSIS/Include -O0 -ffunction-sections -fdata-sections -Wall -fstack-usage -fcyclomatic-complexity -MMD -MP -MF"Core/Src/main.d" -MT"Core/Src/main.o" --specs=nano.specs -mfpu=fpv4-sp-d16 -mfloat-abi=hard -mthumb -o "Core/Src/main.o"
../Core/Src/main.c: In function 'main':
../Core/Src/main.c:139:11: warning: variable 'debug' set but not used [-Wunused-but-set-variable]
  139 |   uint8_t debug = accSpiReadByte(0x0F); // Should be 0x31 = 51
      |           ^~~~~
../Core/Src/main.c:129:24: warning: variable 'checkFIFO_Status' set but not used [-Wunused-but-set-variable]
  129 |   uint8_t checkStatus, checkFIFO_Status;
      |                        ^~~~~~~~~~~~~~~~
../Core/Src/main.c:129:11: warning: variable 'checkStatus' set but not used [-Wunused-but-set-variable]
  129 |   uint8_t checkStatus, checkFIFO_Status;
      |           ^~~~~~~~~~~
arm-none-eabi-gcc -o "Prototype3_RadioTest.elf" @"objects.list"   -mcpu=cortex-m4 -T"C:\Users\Xande\Desktop\HMC Files\Junior\Spring\Clinic\Radio\cubeIDE_workspace\Prototype3_RadioTest\STM32L432KCUX_FLASH.ld" --specs=nosys.specs -Wl,-Map="Prototype3_RadioTest.map" -Wl,--gc-sections -static --specs=nano.specs -mfpu=fpv4-sp-d16 -mfloat-abi=hard -mthumb -Wl,--start-group -lc -lm -Wl,--end-group
Finished building target: Prototype3_RadioTest.elf
 
arm-none-eabi-size   Prototype3_RadioTest.elf 
arm-none-eabi-objdump -h -S  Prototype3_RadioTest.elf  > "Prototype3_RadioTest.list"
   text	   data	    bss	    dec	    hex	filename
  10592	     24	   1800	  12416	   3080	Prototype3_RadioTest.elf
Finished building: default.size.stdout
 
Finished building: Prototype3_RadioTest.list
 
20:57:50 **** Incremental Build of configuration Debug for project Prototype3_RadioTest ****
make -j16 all 
arm-none-eabi-gcc "../Core/Src/main.c" -mcpu=cortex-m4 -std=gnu11 -g3 -DDEBUG -DUSE_HAL_DRIVER -DSTM32L432xx -c -I../Core/Inc -I../Drivers/STM32L4xx_HAL_Driver/Inc -I../Drivers/STM32L4xx_HAL_Driver/Inc/Legacy -I../Drivers/CMSIS/Device/ST/STM32L4xx/Include -I../Drivers/CMSIS/Include -O0 -ffunction-sections -fdata-sections -Wall -fstack-usage -fcyclomatic-complexity -MMD -MP -MF"Core/Src/main.d" -MT"Core/Src/main.o" --specs=nano.specs -mfpu=fpv4-sp-d16 -mfloat-abi=hard -mthumb -o "Core/Src/main.o"
../Core/Src/main.c: In function 'main':
../Core/Src/main.c:139:11: warning: variable 'debug' set but not used [-Wunused-but-set-variable]
  139 |   uint8_t debug = accSpiReadByte(0x0F); // Should be 0x31 = 51
      |           ^~~~~
../Core/Src/main.c:129:24: warning: variable 'checkFIFO_Status' set but not used [-Wunused-but-set-variable]
  129 |   uint8_t checkStatus, checkFIFO_Status;
      |                        ^~~~~~~~~~~~~~~~
../Core/Src/main.c:129:11: warning: variable 'checkStatus' set but not used [-Wunused-but-set-variable]
  129 |   uint8_t checkStatus, checkFIFO_Status;
      |           ^~~~~~~~~~~
arm-none-eabi-gcc -o "Prototype3_RadioTest.elf" @"objects.list"   -mcpu=cortex-m4 -T"C:\Users\Xande\Desktop\HMC Files\Junior\Spring\Clinic\Radio\cubeIDE_workspace\Prototype3_RadioTest\STM32L432KCUX_FLASH.ld" --specs=nosys.specs -Wl,-Map="Prototype3_RadioTest.map" -Wl,--gc-sections -static --specs=nano.specs -mfpu=fpv4-sp-d16 -mfloat-abi=hard -mthumb -Wl,--start-group -lc -lm -Wl,--end-group
Finished building target: Prototype3_RadioTest.elf
 
arm-none-eabi-size   Prototype3_RadioTest.elf 
arm-none-eabi-objdump -h -S  Prototype3_RadioTest.elf  > "Prototype3_RadioTest.list"
   text	   data	    bss	    dec	    hex	filename
  10584	     24	   1800	  12408	   3078	Prototype3_RadioTest.elf
Finished building: default.size.stdout
 
Finished building: Prototype3_RadioTest.list
 
21:00:32 **** Incremental Build of configuration Debug for project Prototype3_RadioTest ****
make -j16 all 
arm-none-eabi-gcc "../Core/Src/main.c" -mcpu=cortex-m4 -std=gnu11 -g3 -DDEBUG -DUSE_HAL_DRIVER -DSTM32L432xx -c -I../Core/Inc -I../Drivers/STM32L4xx_HAL_Driver/Inc -I../Drivers/STM32L4xx_HAL_Driver/Inc/Legacy -I../Drivers/CMSIS/Device/ST/STM32L4xx/Include -I../Drivers/CMSIS/Include -O0 -ffunction-sections -fdata-sections -Wall -fstack-usage -fcyclomatic-complexity -MMD -MP -MF"Core/Src/main.d" -MT"Core/Src/main.o" --specs=nano.specs -mfpu=fpv4-sp-d16 -mfloat-abi=hard -mthumb -o "Core/Src/main.o"
../Core/Src/main.c: In function 'main':
../Core/Src/main.c:139:11: warning: variable 'debug' set but not used [-Wunused-but-set-variable]
  139 |   uint8_t debug = accSpiReadByte(0x0F); // Should be 0x31 = 51
      |           ^~~~~
../Core/Src/main.c:129:24: warning: variable 'checkFIFO_Status' set but not used [-Wunused-but-set-variable]
  129 |   uint8_t checkStatus, checkFIFO_Status;
      |                        ^~~~~~~~~~~~~~~~
../Core/Src/main.c:129:11: warning: variable 'checkStatus' set but not used [-Wunused-but-set-variable]
  129 |   uint8_t checkStatus, checkFIFO_Status;
      |           ^~~~~~~~~~~
arm-none-eabi-gcc -o "Prototype3_RadioTest.elf" @"objects.list"   -mcpu=cortex-m4 -T"C:\Users\Xande\Desktop\HMC Files\Junior\Spring\Clinic\Radio\cubeIDE_workspace\Prototype3_RadioTest\STM32L432KCUX_FLASH.ld" --specs=nosys.specs -Wl,-Map="Prototype3_RadioTest.map" -Wl,--gc-sections -static --specs=nano.specs -mfpu=fpv4-sp-d16 -mfloat-abi=hard -mthumb -Wl,--start-group -lc -lm -Wl,--end-group
Finished building target: Prototype3_RadioTest.elf
 
arm-none-eabi-size   Prototype3_RadioTest.elf 
arm-none-eabi-objdump -h -S  Prototype3_RadioTest.elf  > "Prototype3_RadioTest.list"
   text	   data	    bss	    dec	    hex	filename
  10568	     24	   1800	  12392	   3068	Prototype3_RadioTest.elf
Finished building: default.size.stdout
 
Finished building: Prototype3_RadioTest.list
 
21:01:18 **** Incremental Build of configuration Debug for project Prototype3_RadioTest ****
make -j16 all 
arm-none-eabi-gcc "../Core/Src/main.c" -mcpu=cortex-m4 -std=gnu11 -g3 -DDEBUG -DUSE_HAL_DRIVER -DSTM32L432xx -c -I../Core/Inc -I../Drivers/STM32L4xx_HAL_Driver/Inc -I../Drivers/STM32L4xx_HAL_Driver/Inc/Legacy -I../Drivers/CMSIS/Device/ST/STM32L4xx/Include -I../Drivers/CMSIS/Include -O0 -ffunction-sections -fdata-sections -Wall -fstack-usage -fcyclomatic-complexity -MMD -MP -MF"Core/Src/main.d" -MT"Core/Src/main.o" --specs=nano.specs -mfpu=fpv4-sp-d16 -mfloat-abi=hard -mthumb -o "Core/Src/main.o"
../Core/Src/main.c: In function 'main':
../Core/Src/main.c:139:11: warning: variable 'debug' set but not used [-Wunused-but-set-variable]
  139 |   uint8_t debug = accSpiReadByte(0x0F); // Should be 0x31 = 51
      |           ^~~~~
../Core/Src/main.c:129:24: warning: variable 'checkFIFO_Status' set but not used [-Wunused-but-set-variable]
  129 |   uint8_t checkStatus, checkFIFO_Status;
      |                        ^~~~~~~~~~~~~~~~
../Core/Src/main.c:129:11: warning: variable 'checkStatus' set but not used [-Wunused-but-set-variable]
  129 |   uint8_t checkStatus, checkFIFO_Status;
      |           ^~~~~~~~~~~
arm-none-eabi-gcc -o "Prototype3_RadioTest.elf" @"objects.list"   -mcpu=cortex-m4 -T"C:\Users\Xande\Desktop\HMC Files\Junior\Spring\Clinic\Radio\cubeIDE_workspace\Prototype3_RadioTest\STM32L432KCUX_FLASH.ld" --specs=nosys.specs -Wl,-Map="Prototype3_RadioTest.map" -Wl,--gc-sections -static --specs=nano.specs -mfpu=fpv4-sp-d16 -mfloat-abi=hard -mthumb -Wl,--start-group -lc -lm -Wl,--end-group
Finished building target: Prototype3_RadioTest.elf
 
arm-none-eabi-size   Prototype3_RadioTest.elf 
arm-none-eabi-objdump -h -S  Prototype3_RadioTest.elf  > "Prototype3_RadioTest.list"
   text	   data	    bss	    dec	    hex	filename
  10564	     24	   1800	  12388	   3064	Prototype3_RadioTest.elf
Finished building: default.size.stdout
 
Finished building: Prototype3_RadioTest.list
 
21:04:46 **** Incremental Build of configuration Debug for project Prototype3_RadioTest ****
make -j16 all 
arm-none-eabi-gcc "../Core/Src/main.c" -mcpu=cortex-m4 -std=gnu11 -g3 -DDEBUG -DUSE_HAL_DRIVER -DSTM32L432xx -c -I../Core/Inc -I../Drivers/STM32L4xx_HAL_Driver/Inc -I../Drivers/STM32L4xx_HAL_Driver/Inc/Legacy -I../Drivers/CMSIS/Device/ST/STM32L4xx/Include -I../Drivers/CMSIS/Include -O0 -ffunction-sections -fdata-sections -Wall -fstack-usage -fcyclomatic-complexity -MMD -MP -MF"Core/Src/main.d" -MT"Core/Src/main.o" --specs=nano.specs -mfpu=fpv4-sp-d16 -mfloat-abi=hard -mthumb -o "Core/Src/main.o"
../Core/Src/main.c: In function 'main':
../Core/Src/main.c:139:11: warning: variable 'debug' set but not used [-Wunused-but-set-variable]
  139 |   uint8_t debug = accSpiReadByte(0x0F); // Should be 0x31 = 51
      |           ^~~~~
../Core/Src/main.c:129:24: warning: variable 'checkFIFO_Status' set but not used [-Wunused-but-set-variable]
  129 |   uint8_t checkStatus, checkFIFO_Status;
      |                        ^~~~~~~~~~~~~~~~
../Core/Src/main.c:129:11: warning: variable 'checkStatus' set but not used [-Wunused-but-set-variable]
  129 |   uint8_t checkStatus, checkFIFO_Status;
      |           ^~~~~~~~~~~
arm-none-eabi-gcc -o "Prototype3_RadioTest.elf" @"objects.list"   -mcpu=cortex-m4 -T"C:\Users\Xande\Desktop\HMC Files\Junior\Spring\Clinic\Radio\cubeIDE_workspace\Prototype3_RadioTest\STM32L432KCUX_FLASH.ld" --specs=nosys.specs -Wl,-Map="Prototype3_RadioTest.map" -Wl,--gc-sections -static --specs=nano.specs -mfpu=fpv4-sp-d16 -mfloat-abi=hard -mthumb -Wl,--start-group -lc -lm -Wl,--end-group
Finished building target: Prototype3_RadioTest.elf
 
arm-none-eabi-size   Prototype3_RadioTest.elf 
arm-none-eabi-objdump -h -S  Prototype3_RadioTest.elf  > "Prototype3_RadioTest.list"
   text	   data	    bss	    dec	    hex	filename
  10576	     24	   1800	  12400	   3070	Prototype3_RadioTest.elf
Finished building: default.size.stdout
 
Finished building: Prototype3_RadioTest.list
 
21:07:45 **** Incremental Build of configuration Debug for project Nucleo_Radio_Receiver ****
make -j16 all 
arm-none-eabi-size   Nucleo_Radio_Receiver.elf 
   text	   data	    bss	    dec	    hex	filename
  17688	    120	   1840	  19648	   4cc0	Nucleo_Radio_Receiver.elf
Finished building: default.size.stdout
 
21:12:15 **** Incremental Build of configuration Debug for project Nucleo_Radio_Receiver ****
make -j16 all 
arm-none-eabi-size   Nucleo_Radio_Receiver.elf 
   text	   data	    bss	    dec	    hex	filename
  17688	    120	   1840	  19648	   4cc0	Nucleo_Radio_Receiver.elf
Finished building: default.size.stdout
 
21:15:20 **** Incremental Build of configuration Debug for project Prototype3_RadioTest ****
make -j16 all 
arm-none-eabi-size   Prototype3_RadioTest.elf 
   text	   data	    bss	    dec	    hex	filename
  10576	     24	   1800	  12400	   3070	Prototype3_RadioTest.elf
Finished building: default.size.stdout
 
21:16:30 **** Incremental Build of configuration Debug for project Nucleo_Radio_Receiver ****
make -j16 all 
arm-none-eabi-size   Nucleo_Radio_Receiver.elf 
   text	   data	    bss	    dec	    hex	filename
  17688	    120	   1840	  19648	   4cc0	Nucleo_Radio_Receiver.elf
Finished building: default.size.stdout
 
19:21:57 **** Incremental Build of configuration Debug for project Prototype3_RadioTest ****
make -j16 all 
arm-none-eabi-gcc "../Core/Src/main.c" -mcpu=cortex-m4 -std=gnu11 -g3 -DDEBUG -DUSE_HAL_DRIVER -DSTM32L432xx -c -I../Core/Inc -I../Drivers/STM32L4xx_HAL_Driver/Inc -I../Drivers/STM32L4xx_HAL_Driver/Inc/Legacy -I../Drivers/CMSIS/Device/ST/STM32L4xx/Include -I../Drivers/CMSIS/Include -O0 -ffunction-sections -fdata-sections -Wall -fstack-usage -fcyclomatic-complexity -MMD -MP -MF"Core/Src/main.d" -MT"Core/Src/main.o" --specs=nano.specs -mfpu=fpv4-sp-d16 -mfloat-abi=hard -mthumb -o "Core/Src/main.o"
../Core/Src/main.c: In function 'main':
../Core/Src/main.c:139:11: warning: variable 'debug' set but not used [-Wunused-but-set-variable]
  139 |   uint8_t debug = accSpiReadByte(0x0F); // Should be 0x31 = 51
      |           ^~~~~
../Core/Src/main.c:129:24: warning: variable 'checkFIFO_Status' set but not used [-Wunused-but-set-variable]
  129 |   uint8_t checkStatus, checkFIFO_Status;
      |                        ^~~~~~~~~~~~~~~~
../Core/Src/main.c:129:11: warning: variable 'checkStatus' set but not used [-Wunused-but-set-variable]
  129 |   uint8_t checkStatus, checkFIFO_Status;
      |           ^~~~~~~~~~~
arm-none-eabi-gcc -o "Prototype3_RadioTest.elf" @"objects.list"   -mcpu=cortex-m4 -T"C:\Users\Xande\Desktop\HMC Files\Junior\Spring\Clinic\Radio\cubeIDE_workspace\Prototype3_RadioTest\STM32L432KCUX_FLASH.ld" --specs=nosys.specs -Wl,-Map="Prototype3_RadioTest.map" -Wl,--gc-sections -static --specs=nano.specs -mfpu=fpv4-sp-d16 -mfloat-abi=hard -mthumb -Wl,--start-group -lc -lm -Wl,--end-group
Finished building target: Prototype3_RadioTest.elf
 
arm-none-eabi-size   Prototype3_RadioTest.elf 
arm-none-eabi-objdump -h -S  Prototype3_RadioTest.elf  > "Prototype3_RadioTest.list"
   text	   data	    bss	    dec	    hex	filename
  10576	     24	   1800	  12400	   3070	Prototype3_RadioTest.elf
Finished building: default.size.stdout
 
Finished building: Prototype3_RadioTest.list
 
19:23:59 **** Incremental Build of configuration Debug for project Prototype3_RadioTest ****
make -j16 all 
arm-none-eabi-size   Prototype3_RadioTest.elf 
   text	   data	    bss	    dec	    hex	filename
  10576	     24	   1800	  12400	   3070	Prototype3_RadioTest.elf
Finished building: default.size.stdout
 
19:24:30 **** Incremental Build of configuration Debug for project Prototype3_RadioTest ****
make -j16 all 
arm-none-eabi-size   Prototype3_RadioTest.elf 
   text	   data	    bss	    dec	    hex	filename
  10576	     24	   1800	  12400	   3070	Prototype3_RadioTest.elf
Finished building: default.size.stdout
 
19:26:17 **** Incremental Build of configuration Debug for project Prototype3_RadioTest ****
make -j16 all 
arm-none-eabi-gcc "../Core/Src/main.c" -mcpu=cortex-m4 -std=gnu11 -g3 -DDEBUG -DUSE_HAL_DRIVER -DSTM32L432xx -c -I../Core/Inc -I../Drivers/STM32L4xx_HAL_Driver/Inc -I../Drivers/STM32L4xx_HAL_Driver/Inc/Legacy -I../Drivers/CMSIS/Device/ST/STM32L4xx/Include -I../Drivers/CMSIS/Include -O0 -ffunction-sections -fdata-sections -Wall -fstack-usage -fcyclomatic-complexity -MMD -MP -MF"Core/Src/main.d" -MT"Core/Src/main.o" --specs=nano.specs -mfpu=fpv4-sp-d16 -mfloat-abi=hard -mthumb -o "Core/Src/main.o"
../Core/Src/main.c: In function 'main':
../Core/Src/main.c:139:11: warning: variable 'debug' set but not used [-Wunused-but-set-variable]
  139 |   uint8_t debug = accSpiReadByte(0x0F); // Should be 0x31 = 51
      |           ^~~~~
../Core/Src/main.c:129:24: warning: variable 'checkFIFO_Status' set but not used [-Wunused-but-set-variable]
  129 |   uint8_t checkStatus, checkFIFO_Status;
      |                        ^~~~~~~~~~~~~~~~
../Core/Src/main.c:129:11: warning: variable 'checkStatus' set but not used [-Wunused-but-set-variable]
  129 |   uint8_t checkStatus, checkFIFO_Status;
      |           ^~~~~~~~~~~
arm-none-eabi-gcc -o "Prototype3_RadioTest.elf" @"objects.list"   -mcpu=cortex-m4 -T"C:\Users\Xande\Desktop\HMC Files\Junior\Spring\Clinic\Radio\cubeIDE_workspace\Prototype3_RadioTest\STM32L432KCUX_FLASH.ld" --specs=nosys.specs -Wl,-Map="Prototype3_RadioTest.map" -Wl,--gc-sections -static --specs=nano.specs -mfpu=fpv4-sp-d16 -mfloat-abi=hard -mthumb -Wl,--start-group -lc -lm -Wl,--end-group
Finished building target: Prototype3_RadioTest.elf
 
arm-none-eabi-size   Prototype3_RadioTest.elf 
arm-none-eabi-objdump -h -S  Prototype3_RadioTest.elf  > "Prototype3_RadioTest.list"
   text	   data	    bss	    dec	    hex	filename
  10576	     24	   1800	  12400	   3070	Prototype3_RadioTest.elf
Finished building: default.size.stdout
 
Finished building: Prototype3_RadioTest.list
 
19:42:54 **** Incremental Build of configuration Debug for project Prototype3_RadioTest ****
make -j16 all 
arm-none-eabi-gcc "../Core/Src/main.c" -mcpu=cortex-m4 -std=gnu11 -g3 -DDEBUG -DUSE_HAL_DRIVER -DSTM32L432xx -c -I../Core/Inc -I../Drivers/STM32L4xx_HAL_Driver/Inc -I../Drivers/STM32L4xx_HAL_Driver/Inc/Legacy -I../Drivers/CMSIS/Device/ST/STM32L4xx/Include -I../Drivers/CMSIS/Include -O0 -ffunction-sections -fdata-sections -Wall -fstack-usage -fcyclomatic-complexity -MMD -MP -MF"Core/Src/main.d" -MT"Core/Src/main.o" --specs=nano.specs -mfpu=fpv4-sp-d16 -mfloat-abi=hard -mthumb -o "Core/Src/main.o"
../Core/Src/main.c: In function 'main':
../Core/Src/main.c:139:11: warning: variable 'debug' set but not used [-Wunused-but-set-variable]
  139 |   uint8_t debug = accSpiReadByte(0x0F); // Should be 0x31 = 51
      |           ^~~~~
../Core/Src/main.c:129:24: warning: variable 'checkFIFO_Status' set but not used [-Wunused-but-set-variable]
  129 |   uint8_t checkStatus, checkFIFO_Status;
      |                        ^~~~~~~~~~~~~~~~
../Core/Src/main.c:129:11: warning: variable 'checkStatus' set but not used [-Wunused-but-set-variable]
  129 |   uint8_t checkStatus, checkFIFO_Status;
      |           ^~~~~~~~~~~
arm-none-eabi-gcc -o "Prototype3_RadioTest.elf" @"objects.list"   -mcpu=cortex-m4 -T"C:\Users\Xande\Desktop\HMC Files\Junior\Spring\Clinic\Radio\cubeIDE_workspace\Prototype3_RadioTest\STM32L432KCUX_FLASH.ld" --specs=nosys.specs -Wl,-Map="Prototype3_RadioTest.map" -Wl,--gc-sections -static --specs=nano.specs -mfpu=fpv4-sp-d16 -mfloat-abi=hard -mthumb -Wl,--start-group -lc -lm -Wl,--end-group
Finished building target: Prototype3_RadioTest.elf
 
arm-none-eabi-size   Prototype3_RadioTest.elf 
arm-none-eabi-objdump -h -S  Prototype3_RadioTest.elf  > "Prototype3_RadioTest.list"
   text	   data	    bss	    dec	    hex	filename
  10572	     24	   1800	  12396	   306c	Prototype3_RadioTest.elf
Finished building: default.size.stdout
 
Finished building: Prototype3_RadioTest.list
 
19:44:49 **** Incremental Build of configuration Debug for project Prototype3_RadioTest ****
make -j16 all 
arm-none-eabi-size   Prototype3_RadioTest.elf 
   text	   data	    bss	    dec	    hex	filename
  10572	     24	   1800	  12396	   306c	Prototype3_RadioTest.elf
Finished building: default.size.stdout
 
