../Core/Src/main.c:80:5:main	16	static
../Core/Src/main.c:168:9:spiReadByte	24	static
../Core/Src/main.c:180:6:spiReadNByte	16	static
../Core/Src/main.c:194:6:spiWriteByte	24	static
../Core/Src/main.c:206:6:spiWriteNByte	16	static
../Core/Src/main.c:219:6:setupTXsimple	16	static
../Core/Src/main.c:247:6:checkTXsimple	24	static
../Core/Src/main.c:273:6:transmitByte	24	static
../Core/Src/main.c:286:6:flushTXFIFO	16	static
../Core/Src/main.c:301:6:SystemClock_Config	96	static
../Core/Src/main.c:346:13:MX_SPI1_Init	8	static
../Core/Src/main.c:386:13:MX_GPIO_Init	40	static
../Core/Src/main.c:414:6:Error_Handler	4	static,ignoring_inline_asm
