../Core/Src/main.c:81:5:main	16	static
../Core/Src/main.c:172:9:spiReadByte	24	static
../Core/Src/main.c:184:6:spiReadNByte	16	static
../Core/Src/main.c:198:6:spiWriteByte	24	static
../Core/Src/main.c:210:6:spiWriteNByte	16	static
../Core/Src/main.c:223:6:setupTXsimple	16	static
../Core/Src/main.c:251:6:checkTXsimple	24	static
../Core/Src/main.c:277:6:transmitByte	24	static
../Core/Src/main.c:290:6:flushTXFIFO	16	static
../Core/Src/main.c:301:6:ConstCarrierInit	16	static
../Core/Src/main.c:319:6:SystemClock_Config	96	static
../Core/Src/main.c:364:13:MX_SPI1_Init	8	static
../Core/Src/main.c:404:13:MX_GPIO_Init	40	static
../Core/Src/main.c:432:6:Error_Handler	4	static,ignoring_inline_asm
