../Core/Src/MY_NRF24.c:57:6:NRF24_DelayMicroSeconds	24	static
../Core/Src/MY_NRF24.c:65:6:NRF24_csn	16	static
../Core/Src/MY_NRF24.c:71:6:NRF24_ce	16	static
../Core/Src/MY_NRF24.c:77:9:NRF24_read_register	24	static
../Core/Src/MY_NRF24.c:94:6:NRF24_read_registerN	24	static
../Core/Src/MY_NRF24.c:109:6:NRF24_write_register	24	static
../Core/Src/MY_NRF24.c:122:6:NRF24_write_registerN	24	static
../Core/Src/MY_NRF24.c:135:6:NRF24_write_payload	24	static
../Core/Src/MY_NRF24.c:148:6:NRF24_read_payload	24	static
../Core/Src/MY_NRF24.c:162:6:NRF24_flush_tx	8	static
../Core/Src/MY_NRF24.c:167:6:NRF24_flush_rx	8	static
../Core/Src/MY_NRF24.c:172:9:NRF24_get_status	16	static
../Core/Src/MY_NRF24.c:180:6:NRF24_begin	24	static
../Core/Src/MY_NRF24.c:253:6:NRF24_startListening	8	static
../Core/Src/MY_NRF24.c:270:6:NRF24_stopListening	8	static
../Core/Src/MY_NRF24.c:277:6:NRF24_write	32	static
../Core/Src/MY_NRF24.c:313:6:NRF24_available	8	static
../Core/Src/MY_NRF24.c:318:6:NRF24_read	24	static
../Core/Src/MY_NRF24.c:327:6:NRF24_openWritingPipe	24	static
../Core/Src/MY_NRF24.c:336:6:NRF24_openReadingPipe	24	static
../Core/Src/MY_NRF24.c:360:6:NRF24_setRetries	16	static
../Core/Src/MY_NRF24.c:366:6:NRF24_setChannel	24	static
../Core/Src/MY_NRF24.c:372:6:NRF24_setPayloadSize	24	static
../Core/Src/MY_NRF24.c:378:9:NRF24_getPayloadSize	4	static
../Core/Src/MY_NRF24.c:383:9:NRF24_getDynamicPayloadSize	8	static
../Core/Src/MY_NRF24.c:388:6:NRF24_enableAckPayload	8	static
../Core/Src/MY_NRF24.c:401:6:NRF24_enableDynamicPayloads	8	static
../Core/Src/MY_NRF24.c:415:6:NRF24_disableDynamicPayloads	8	static
../Core/Src/MY_NRF24.c:423:6:NRF24_isNRF_Plus	4	static
../Core/Src/MY_NRF24.c:428:6:NRF24_setAutoAck	16	static
../Core/Src/MY_NRF24.c:436:6:NRF24_setAutoAckPipe	24	static
../Core/Src/MY_NRF24.c:453:6:NRF24_setPALevel	24	static
../Core/Src/MY_NRF24.c:484:15:NRF24_getPALevel	16	static
../Core/Src/MY_NRF24.c:510:6:NRF24_setDataRate	24	static
../Core/Src/MY_NRF24.c:555:17:NRF24_getDataRate	16	static
../Core/Src/MY_NRF24.c:580:6:NRF24_setCRCLength	24	static
../Core/Src/MY_NRF24.c:601:18:NRF24_getCRCLength	16	static
../Core/Src/MY_NRF24.c:617:6:NRF24_disableCRC	16	static
../Core/Src/MY_NRF24.c:623:6:NRF24_powerUp	8	static
../Core/Src/MY_NRF24.c:628:6:NRF24_powerDown	8	static
../Core/Src/MY_NRF24.c:633:6:NRF24_availablePipe	24	static
../Core/Src/MY_NRF24.c:657:6:NRF24_startWrite	16	static
../Core/Src/MY_NRF24.c:674:6:NRF24_writeAckPayload	24	static
../Core/Src/MY_NRF24.c:685:6:NRF24_isAckPayloadAvailable	16	static
../Core/Src/MY_NRF24.c:692:6:NRF24_whatHappened	32	static
../Core/Src/MY_NRF24.c:703:6:NRF24_testCarrier	8	static
../Core/Src/MY_NRF24.c:708:6:NRF24_testRPD	8	static
../Core/Src/MY_NRF24.c:714:6:NRF24_resetStatus	8	static
../Core/Src/MY_NRF24.c:720:6:NRF24_ACTIVATE_cmd	16	static
../Core/Src/MY_NRF24.c:731:9:NRF24_GetAckPayloadSize	4	static
../Core/Src/MY_NRF24.c:736:6:printRadioSettings	152	static
../Core/Src/MY_NRF24.c:863:6:printStatusReg	136	static
../Core/Src/MY_NRF24.c:879:6:printConfigReg	112	static
../Core/Src/MY_NRF24.c:897:6:nrf24_DebugUART_Init	8	static
../Core/Src/MY_NRF24.c:902:6:printFIFOstatus	128	static
